11-beta-ketoreductase deficiency
2-Methyl-3-hydroxybutyryl-CoA dehydrogenase (MHBD) deficiency
2-Methylacyl-CoA racemase (AMCR) deficiency
2,8-Dihydroxyadenine urolithiasis
3-beta-hydroxy-delta-5-C27-steroid oxidoreductase deficiency (CBAS1)
3-Hydroxy-3-methylglutaryl-CoA lyase deficiency
3-Ketothiolase deficiency
3-Methylcrotonyl-CoA carboxylase deficiency
3-Methylcrotonylglycinuria
3-Methylglutaconic aciduria (MGCA)
3-Phosphoglycerate dehydrogenase (3-PGDH) deficiency
3M syndrome
4-Aminobutyrate aminotransferase deficiency
4-Hydroxybutyric aciduria (4-HBA)
46,XX disorders of sex development (Disorders of gonadal development)
46,XX disorders of sex development (Disorders related to androgen excess)
46,XX disorders of sex development (Other)
46,XY disorders of sex development (Disorders in androgen synthesis or action)
46,XY disorders of sex development (Disorders of gonadal development)
46,XY disorders of sex development (Other)
9q Subtelomeric deletion syndrome
Aarskog-Scott syndrome
ABCD syndrome
Abetalipoproteinemia
Abnormal thyroid hormone metabolism
ACAD9 deficiency
Acatalasemia
Acatalasia
Aceruloplasminemia
Acetazolamide responsive myotonia
Acetobacter infection
Acheiropodia
Achodrogenesis type IA
Achondrogenesis IB (ACG IB)
Achondrogenesis II
Achondroplasia
Achromatopsia
Achromobacter xylosoxidans keratitis
Acid phosphatase deficiency
Acinetobacter infection
Acne inversa
Acquired immunodeficiency syndrome (AIDS)
Acral peeling skin syndrome
Acrocallosal syndrome
Acrocapitofemoral dysplasia
Acrodermatitis chronica atrophicans
Acrodermatitis enteropathica (AEZ)
Acrokeratosis verruciformis
Acromesomelic dysplasia Hunter-Thompson type
Acromesomelic dysplasia with genital anomalies
Acromesomelic dysplasia, Maroteaux type
Action myoclonus-renal failure syndrome (DRPLA)
Activaing N-Ras defect, N-Ras ALPS
Activation-induced cytidine deaminase (AICD) defect
Acute alcohol sensitivity
Acute gastroenteropathy due to Norwalk agent
Acute Intermittent Porphyria (AIP)
Acute lymphoblastic leukemia (ALL) (precursor B lymphoblastic leukemia)
Acute lymphoblastic leukemia (ALL) (precursor T lymphoblastic leukemia)
Acute myeloid leukemia (AML)
Acute poliomyelitis
Acute recurrent myoglobinuria
Acyl-CoA oxidase (ACOX) deficiency
Adenine phosphoribosyltransferase deficiency
Adenosine deaminase (ADA) deficiency
Adenylate kinase (AK) deficiency
Adenylosuccinate lyase deficiency
Adiponectin deficiency
Adrenal carcinoma
Adrenocorticotropic hormone deficiency
Adrenoleukodystrophy (ALD)
Adrenoleukodystrophy, neonatal (NALD)
adrenomyeloneuropathy (AMN)
Adult i phenotype
Adult Neuronal Ceroid Lipofuscinosis (ANCL)/ Kufs Disease (CLN4)
ADULT syndrome
Adult T-cell leukemia
Adult-onset autosomal dominant leukodystrophy (ADLD)
Adult-onset vitelliform macular dystrophy (AVMD)
Aerococcus urinae infection
Aeromonas infection
Afibrinogenemia
African trypanosomiasis
Agammaglobulinemias
Age-related macular degeneration (ARMD)
Agenesis of the corpus callosum with peripheral neuropathy (ACCPN)
Aggregatibacter aphrophilus infection
AICA-ribosiduria
Aicardi-Goutieres Syndrome (AGS)
AKT2 associated lipodystrophy
Al-Awadi/Raas-Rothschild syndrome
ALA-dehydratase deficiency porphyria (ALADP)
Alagille syndrome
Aland Island eye disease
Albinism
Albinism-deafness syndrome
Albright hereditary osteodystrophy
Aldosterone synthase deficiency
Alexander disease
Alkaptonuria
Allan-Herndon-Dudley syndrome
Allograft rejection
Alopecia neurologic defects and endocrinopathy syndrome (ANE syndrome)
Alopecia universalis
Alpha thalassemia
Alpha thalassemia, X-linked (ATRX)
Alpha-1-antitrypsin (A1AT) deficiency
Alpha-2-plasmin inhibitor (a2-PI) deficiency
alpha-B Crystallinopathy (MFM2)
Alpha-ketoglutarate dehydrogenase (AKGDH) deficiency
alpha-Mannosidosis
Alpha-methylacetoacetic aciduria
Alpha-methylacyl-CoA racemase deficiency (CBAS4)
Alpha-N-acetylgalactosaminidase deficiency
Alport syndrome
Alstrom syndrome (AS)
Alternating hemiplegia of childhood
Alternative complement pathway component defects
Alveolar capillary dysplasia with misalignment of pulmonary veins (ACD/MPV)
Alveolar rhabdomyosarcoma
Alveolar soft part sarcoma
Alzheimer's disease (AD)
Amelogenesis imperfecta
Amelogenesis imperfecta hypoplastic-hypomaturation with taurodontism (AIHHT)
American trypanosomiasis
Aminoacylase 1 deficiency
Amish brittle hair syndrome
Amish infantile epilepsy syndrome
Amoebiasis
Amyotrophic lateral sclerosis (ALS)
Anauxetic dysplasia (AD)
Ancylostomiasis
Andersen disease (GSD type IV)
Andersen-Tawil syndrome (ATS)
Anderson disease
Androgen insensitivity syndrome (AIS)
Anemia due to disorders of glutathione metabolism
Anemia due to disorders of glycolytic enzymes
Anemia due to disorders of nucleotide metabolism
Angel shaped phalangoepiphyseal dysplasia (ASPED)
Angelman syndrome (AS)
Aniridia
Anisakiasis
Ankyloblepharon-ctodermal defects-cleft lip/palate (AEC) syndrome and Rapp-Hodgkin syndrome
Anomalous trichromacy
Anonychia congenita
Anophthalmia and microphthalmia (A/M)
Anterior limiting membrane dystrophy type II
Anterior segment dysgenesis (ASD)
Anterior segment mesenchymal dysgenesis
Anthrax
Antley-Bixler syndrome
Aortic aneurysm familial thoracic type (AAT)
Apert syndrome
Aplasia of lacrimal and salivary glands
Aplastic anemia (AA)
Apparent mineralocorticoid excess syndrome
ARC syndrome
Argentine hemorrhagic fever
Arginine:glycine amidinotransferase deficiency (AGAT deficiency)
Argininosuccinate lyase deficiency
Argininosuccinic aciduria (ARGINSA)
Aromatase deficiency
Aromatase excess syndrome
Aromatic L-amino acid decarboxylase (AADC) deficiency
Arrhythmogenic right ventricular cardiomyopathy (ARVC)
Artemis deficiency
Arterial tortuosity syndrome
Arteriovenous fistula (AVF)
Arthrogryposis, renal dysfunction, and cholestasis
Arthropod-borne viral fevers
Arts syndrome
Ascariasis
Aspartylglucosaminuria (AGU)
Aspergillosis
Asphyxiating thoracic dystrophy
Asthma
Asthma with nasal polyps and aspirin intolerance
Ataxia oculomotor apraxia type 1 (AOA1)
Ataxia oculomotor apraxia type 2 (AOA2)
Ataxia telangiectasia (AT)
Ataxia telangiectasia (AT) [DS:H00064]
Ataxia telangiectasia like disorder (ATLD)
Ataxia with isolated vitamin E deficiency (AVED)
Ataxia with ocular apraxia (AOA)
Ataxia-talangiectasia-like syndrome
Atelosteogenesis II (AO II)
Atelosteogenesis, type III
Atelostogenesis, type I
ATIC deficiency
Atransferrinemia
Atrial fibrillation
Atrial septal defect
Atrichia with papular lesions
Atrioventricular canal defect
Atrioventricular septal defect
Atypically severe MFS
Australian encephalitis
Autism
Autoimmune disease
Autoimmune lymphoproliferative syndromes (ALPS)
Autoimmune polyendocrinopathy-candidiasis-ectodermal dystrophy (APECED)
Autoimmune thrombocytopenic purpura
Autosomal dominant brachyolmia
Autosomal dominant cutis laxa (ADCL)
Autosomal dominant dyskeratosis congenita (DKCA1)
Autosomal dominant hypophosphatemic rickets (ADHR)
Autosomal dominant keratitis (ADK)
Autosomal dominant myotonia congenita (Thomsen disease)
Autosomal dominant nocturnal frontal lobe epilepsy (ADNFLE)
Autosomal dominant partial epilepsy with auditory features (ADPEAF)
Autosomal dominant temporal lobe epilepsy (ADTLE)
Autosomal dominant vitreoretinochoroidopathy (ADVIRC)
Autosomal recessive agammaglobulinaemia
Autosomal recessive bestrophinopathy (ARB)
Autosomal recessive cutis laxa I (ARCL1)
Autosomal recessive cutis laxa II (ARCL2)
Autosomal recessive dyskeratosis congenita (DKCB1)
Autosomal recessive hypophosphatemic rickets (ARHR)
Autosomal recessive myotonia congenita (Becker disease)
Autosomal recessive spastic ataxia of Charlevoix-Saguenay (ARSACS)
Autosomal-dominant woolly hair (ADWH)
Autosomal-recessive woolly hair (ARWH)
Autosomal-recessive woolly hair with or without hypotrichosis
Avellino corneal dystrophy
Avian influenza
Axenfeld-Rieger syndrome (ARS)
Azoospermia
Azoospermia due to perturbations of meiosis
B cell-linker protein (BLNK) deficiency
B virus infection
Babesiosis
Bacillary Angiomatosis
BAFFR defect
Bag3opathy
Balantidial dysentery
Balantidiasis
Baller-Gerold syndrome
Bamforth-Lazarus syndrome
Band-like calcification with simplified gyration and polymicrogyria (BLC-PMG)
Bannayan-Riley-Ruvalcaba syndrome
Barakat syndrome
Bardet-Biedl syndrome (BBS)
Bare lymphocyte syndrome (BLS) type1
Bare lymphocyte syndrome (BLS) type2
Bart-Pumphrey syndrome
Barth syndrome (BTHS)
Bartonellosis
Bartter syndrome
Basal cell carcinoma
Basal cell nevus syndrome
Basal laminar drusen (BLD)
Bassen-Kornzweig Disease
Batten Disease variant (CLN9)
Baylisascariasis
Beals syndrome
Beare-Stevenson syndrome
Becker muscular dystrophy (BMD)
Beckwith-Wiedemann syndrome
Benign endemic hemoptysis
Benign familial hematuria
Benign familial infantile epilepsy (BFIE)
Benign familial neonatal and infantile epilepsies
Benign familial neonatal epilepsy (BFNE)
Benign familial neonatal infantile epilepsy (BFNIE)
Benign familial pemphigus
Benign hereditary chorea
Benign recurrent intrahepatic cholestasis (BRIC)
Bernard-Soulier syndrome
Best disease / Juvenile vitelliform macular dystrophy (VMD2)  
Beta thalassemia
beta-actin deficiency
beta-Mannosidosis
Beta-ureidopropionase deficiency
BFLS
Biber-Haab-Dimmer dystrophy
Bicuspid aortic valve
BIDS syndrome
Bietti crystalline corneoretinal dystrophy  (BCD)
Bifid nose with or without anorectal and renal anomalies
Bilateral frontal polymicrogyria (BFP)
Bilateral frontoparietal polymicrogyria (BFPP)
Bilateral generalised polymicrogyria (BGP)
Bilateral parasagittal parieto-occipital polymicrogyria (BPOP)
Bilateral perisylvian polymicrogyria (BPP)
Biotin-responsive basal ganglia disease (BBGD)
Biotinidase deficiency
Bird flu
Birk Barel mental retardation syndrome (BBMRS)
Birk-Barel syndrome (BIBAS)
Birt-Hogg-Dube syndrome
Bisphosphoglycerate mutase (BPGM) deficiency
Bjornstad syndrome
Bladder cancer
Blau syndrome
Bleeding disorder platelet-type
Blepharophimosis-ptosis-epicanthus inversus syndrome (BPES)
Blomstrand chondrodysplasia
Blomstrand syndrome
Bloom's syndrome
Blue cone monochromacy
Boder-Sedgwick syndrome
Body lice infestation
Bohring-Opitz syndrome (BOPS)
Bolivian haemorrhagic fever
Bone fragility with contractures arterial rupture and deafness
Boomerang dysplasia
Bordetella bronchiseptica infection
Bordetella hinzii infection
Bordetella holmesii infection
Bordetella petrii infection
Borreliosis
Bosley-Salih-Alorainy syndrome and Athabascan brainstem dysgenesis syndrome
Botulism
Bourneville-Pringle disease
Bowen-Conradi syndrome (BCS)
Boyadjiev-Jabs syndrome
Brachydactyly
Brachydactyly type C
Brachydactyly-syndactyly syndrome
Brachydacytly-mental retardation syndrome and Smith-Magenis syndrome
Bradyopsia
Brain small vessel disease with Axenfeld-Rieger anomaly
Branchio-oto-renal syndrome (BOR)
Branchiooculofacial syndrome (BOFS)
Branchiootic syndrome 1 (BOS1)
Brazilian hemorrhagic fever
Breast cancer
Brevundimonas infection
Brittle cornea syndrome (EDS6B)
Brody myopathy
Bronchiectasis with or without elevated sweat chloride
Brooke-Spiegler syndrome
Brown-Vialetto-Van Laere syndrome (BVVLS) 
Brucellosis
Bruck syndrome
Brugada syndrome (BRS)
Brunner syndrome
BTD deficiency
Bullous congenital ichthyosiform erythroderma (BCIE)
Burkitt lymphoma
Buruli ulcer
Buschke-Ollendorff syndrome (BOS)
C syndrome
C1 inhibitor deficiency (hereditary angioedema)
C1q alpha-chain deficiency
C1q beta-chain deficiency
C1q gamma-chain deficiency
C1r deficiency
C1s deficiency
C2 deficiency
C3 deficiency
C4 binding protein alpha deficiency
C4 binding protein beta deficiency
C4 deficiency
C5 deficiency
C6 deficiency
C7 deficiency
C8 alpha-chain deficiency
C8 beta-chain deficiency
C8 gamma-chain deficiency
C9 deficiency
Ca2+ channel deficiency
Cabezas type (MRXC)
Caffey disease
Calcification of joints and arteries
California encephalitis
Calpainopathy
Campomelic dysplasia (CD)
Camptodactyly-arthropathy-coxa vara-pericarditis syndrome
Campylobacter infection
Campylobacteriosis
Camurati-Engelmann disease
Canavan disease (CD)
Cancer
Cancer of the anal canal
Candidiasis
Cap myopathy
Capillary malformation-arteriovenous malformation (CM-AVM)
Capnocytophaga canimorsus infection
Carbamoyl phosphate synthetase I deficiency
Carboxypeptidase N deficiency
Carcinoid
Cardiac disease
Cardiac diseases
Cardiofaciocutaneous syndrome (CFCS)
Cardiovascular disease
Cardiovascular diseases
Carney complex (CNC)
Carnitine palmitoyltransferase deficiency (CPT)
Carnitine-acylcarnitine translocase deficiency (CACT)
Carpenter syndrome
Carrion Disease
Cartilage-Hair Hypoplasia
Cartilage-hair hypoplasia (CHH)
Caspase 10 defect, ALPS type 2a
Caspase 8 defext, ALPS type 2b
Cat cry syndrome
Cat-scratch disease
Cataract
Catecholaminergic polymorphic ventricular tachycardia
CATSHL syndrome
Caudal duplication anomaly
Caudal regression syndrome and Sirenomelia
Caulobacter infection
Caveolinopathies
Cayman ataxia
CBL-mutation associated syndrome (CBL)
CD16 deficiency
CD19 defect
CD20 defect
CD3 deficiency
CD36 deficiency
CD40 deficiency hyper IgM syndrome
CD45 deficiency
CD59 deficiency
CD8 deficiency
CD81 defect
CD95 (Fas) defect, ALPS type 1a
CD95L (Fas ligand) defect, ALPS type 1b
CEDNIK syndrome
Cenani-Lenz syndactyly syndrome
Central core disease
Central Diabetes Insipidus
Central nervous system disease
Central precocious puberty (CEPREPU)
Centronuclear myopathy
Cerebellar ataxia cayman type (ATCAY)
Cerebellar ataxia, mental retardation (MR), and dysequilibrium syndrome (CAMRQ)
Cerebral amyloid angiopathy (CAA)
Cerebral autosomal dominant arteriopathy with subcortical infarcts and leucoencephalopathy (CADASIL)
Cerebral cavernous malformation
Cerebral dysgenesis, neuropathy, ichthyosis, and palmoplantar keratoderma syndrome
Cerebral palsy
Cerebral proliferative glomeruloid vasculopathy (PGV)
Cerebro-oculo-facio-skeletal syndrome (COFS)
Cerebrotendinous xanthomatosis
Cervical cancer
Chagas disease
Chanarin-Dorfman syndrome
Chancroid
Char syndrome
Charcot-Marie-Tooth disease (CMT)
CHARGE syndrome
Chediak-Higashi syndrome
Chemokine receptor defect
Cherubism
Chickenpox
Chigoe flea
Chikungunya fever
Chilblain lupus erythematosus (CHLE)
Childhood absence epilepsy (CAE)
Childhood ataxia with diffuse central nervous system hypomyelination (CACH)
Childhood cerebral adrenoleukodystrophy (CCER)
Chlamydial pneumonia
Chlamydial urethritis
Choanal atresia and lymphedema
Cholangiocarcinoma
Cholecystitis
Cholelithiasis
Cholera
Cholesterol ester storage disease (CESD)
Chorea-acanthocytosis (ChAc)
Choreoathetosis, hypothyroidism, and neonatal respiratory distress
Choriocarcinoma
Choroid plexus papilloma
Choroideremia (CHM)
Chromosme 5p deletion syndrome
Chromosomal abnormalities
Chromosomal abnormality
Chromosome 22q13.3 deletion syndrome
Chromosome 5q14.3 deletion syndrome
Chromosome Xp21 deletion syndrome
Chronic granulomatous disease
Chronic infantile neurologic, cutaneous, articular (CINCA) syndrome
Chronic lymphocytic leukemia (CLL)
Chronic mucocutaneous candidiasis (CMC)
Chronic myeloid leukemia (CML)
Chronic recurrent multifocal osteomyelitis (CRMO)
Chylomicron retention disease (CRD)
CIIPX
Citrobacter infection
Citrullinemia (CTLN)
CK syndrome
Classic complement pathway component defects
Classic Li-Fraumeni syndrome (LFS)
Clear cell sarcoma of soft tissue
Cleft lip with or without cleft palate
Cleft palate
Cleft palate with ankyloglossia
Cleidocranial dysplasia
Clostridial myonecrosis
Clouston syndrome
CMD with epidermolysis bullosa
CMD with joint hyperlaxity (CMDH)
CMD with muscle hypertrophy (MDC1C)
CMD with respiratory failu
CMD with severe intellectual impairment and abnormal glycosylation (MDC1D)
CMV infection
COACH syndrome
Coccidioidomycosis
Cockayne syndrome
Cockayne syndrome (CS)
Cocoon syndrome
Coenzyme Q10 deficiency
Coffin-Lowry syndrome (CLS)
Cogan microcystic epithelial dystrophy
Cohen syndrome
Cold-induced sweating syndrome (CISS) and Crisponi syndrome (CRISPS)
Coloboma of iris choroid and retina (COI)
Coloboma of optic nerve (COLON)
Colorado tick fever
Colorblindness
Colorectal cancer
Combined deficiency of factors V and VIII (F5F8D)
Combined deficiency of vitamin K-dependent clotting factors (VKCFD)
Combined immunodeficiencies (CIDs)
Combined lipase deficiency (CLD)
Combined oxidative phosphorylation deficiency (COXPD)
Combined pituitary hormone deficiency (CPHD)
Combined proximal and distal renal tubular acidosis (RTA type 3)
Combined SAP deficiency
Common toxocariasis
Common variable immunodeficiency (CVID)
Complement regulatory protein defects
Complete and partial gonadal dysgenesis
Complex II deficiency (MT-C2D)
Complex III deficiency (MT-C3D)
Complex IV deficiency (MT-C4D)
Complex V deficiency (MT-ATPSD)
Cone dystrophy (COD)
Cone-rod dystrophy (CORD)
Cone-rod dystrophy and cone dystrophy
Congenital adrenal hyperplasia (CAH)
Congenital adrenal hyperplasias
Congenital amegakaryocytic thrombocytopenia (CAMT)
Congenital bilateral absence of vas deferens
Congenital bile acid synthesis defect (CBAS)
Congenital cataracts, facial dysmorphism, and neuropathy (CCFDN)
Congenital central hypoventilation syndrome (CCHS)
Congenital chloride diarrhea (DIAR1)
Congenital clubfoot
Congenital contractural arachnodactyly (CCA)
Congenital diaphragmatic hernia (CDH)
Congenital diarrhea
Congenital disorder
Congenital disorders
Congenital disorders of development
Congenital disorders of DNA repair systems
Congenital disorders of glycosylation (CDG) type I
Congenital disorders of glycosylation (CDG) type II
Congenital distal spinal muscular atrophy (CDSMA)
Congenital distal spinal muscular atrophy (SMAL)
Congenital dyserythropoietic anemias (CDAs)
Congenital erythropoietic porphyria (CEP)
Congenital fiber type disproportion (CFTD)
Congenital fibrosis of the extraocular muscles (CFEOM)
Congenital generalized lipodystrophy (CGL)
Congenital glucose-galactose malabsorption (GGM)
Congenital hemidysplasia with ichthyosiform nevus and limb defects (CHILD)
Congenital hereditary endothelial dystrophy (CHED)
Congenital hereditary endothelial dystrophy type 1
Congenital hereditary endothelial dystrophy type 2
Congenital hereditary stromal dystrophy
Congenital hyperthyroidism
Congenital hypotransferrinemia
Congenital hypotrichosis with juvenile macular dystrophy
Congenital lactase deficiency
Congenital malabsorptive diarrhea (DIAR4)
Congenital mirror movements (CMM)
Congenital motor nystagmus (CMN)
Congenital muscular dystrophies (CMD/MDC)
Congenital muscular dystrophy with muscle hypertrophy (MDC1C)
Congenital muscular dystrophy with severe intellectual impairment and abnormal glycosylation (MDC1D)
Congenital myasthenic syndrome
Congenital NCL (CLN10)
Congenital nephrogenic diabetes insipidus (NDI)
Congenital nongoitrous hypothyroidism (CHNG)
Congenital polycythemia
Congenital primary aphakia
Congenital prothrombin deficiency
Congenital reticular ichthyosiform erythroderma
Congenital rubella syndrome
Congenital sodium diarrhea (DIAR3)
Congenital stationary night blindness (CSNB)
Congenital stromal corneal dystrophy (CSCD)
Congenital sucrase-isomaltase deficiency
Congenital supravalvar aortic stenosis
Congenital systemic glutamine deficiency (CSGD)
Congenital talipes equinovarus
Congenital tufting enteropathy (DIAR5)
Congenital vertical talus
Connective tissue disease
Connective tissue disorder
Conotruncal anomaly face syndrome
Conotruncal heart malformations
Contiguous gene deletion syndrome involving EYA1
Core neuroacanthocytosis syndromes
Cori disease, Forbe disease (GSD type III)
Cornea plana congenita
Corneal dystrophy and perceptive deafness (CDPD)
Corneal dystrophy Groenouw type I
Corneal dystrophy Groenouw type II
Corneal dystrophy of Bowman layer type II
Corneal dystrophy of Bowman's type I
Cornelia de Lange syndrome (CdLS)
Corpus callosum, agenesis of, with mental retardation, ocular coloboma and micrognathia
Corticosteroid-binding globulin (CBG) deficiency
Corticosterone methyloxidase type I deficiency
Corticosterone methyloxidase type II deficiency
Cortisone reductase deficiency (CRD)
Corynebacterium ulcerans infection
Costello syndrome (CS)
Coumarin resistance
Cousin syndrome
Covert toxocariasis
Cowden syndrome
Cowden-like syndrome
Cranio-lenticulo-sutural dysplasia (CLSD)
Cranioectodermal dysplasia
Craniofacial-deafness-hand syndrome
Craniofrontonasal dysplasia
Craniometaphyseal dysplasia
Craniosynostosis
Craniosynostosis Boston type
Creatine deficiency syndrome
Creatine deficiency syndrome (XL-CDS)
Cree leukoencephalopathy (CLE)
Creutzfeldt-Jacob disease (CJD)
Cri du chat syndrome
Crigler-Najjar syndrome, type I (CN1)
Crigler-Najjar syndrome, type II (CN2)
Crimean-Congo hemorrhagic fever
Crohn's disease
Crouzon syndrome
Cryopyrin associated periodic syndrome (CAPS)
Cryptococcosis
Cryptorchidism
Cryptosporidiosis
Crystalline stromal dystrophy
CSNB autosomal dominant (CSNBAD)
CSNB type 1 (CSNB1)
CSNB type 2 (CSNB2)
Curly fibers corneal dystrophy
Currarino syndrome
Cutaneomucosal venous malformation
Cutis laxa
Cutis laxa with severe pulmonary, gastrointestinal, and urinary abnormalities
Cyclic neutropenia
Cystathioninuria
Cystic fibrosis (CF)
Cystic leukoencephalopathy without megalencephaly
Cysticercosis
Cystinosis
Cystinuria
Cytomegalovirus infection
Czech dysplasia
D-2-hydroxyglutaric aciduria (D-2-HGA)
D-bifunctional protein (DBP) deficiency
Danon disease
Darier disease
Darsun syndrome
Deafness, autosomal dominant
Deafness, autosomal recessive
Deafness, X-linked
Decay-accelerating factor (CD55) deficiency
Defects in RecQ helicases
Defects of toll-like receptor signaling
Dehydrated hereditary stomatocytosis (DHS)
Delayed sleep phase syndrome
Delta(4)-3-oxosteroid 5-beta-reductase deficiency (CBAS2)
Dementia with Lewy bodies (DLB)
Dengue
Dent disease
Dent disease 1
Dent disease 2
Dentatorubropallidoluysian atrophy (DRPLA)
Dentine dysplasia, type II
Dentinogenesis imperfecta, types II and III
Dermatopathia pigmentosa reticularis
Dermatophytosis
Desbuquois syndrome
Desminopathy (MFM1)
Desmosterolosis
Develeopmental disorder
Developemental disorder
Developmental  disorder
Developmental disorder
Developmental disorder, Skeletal dysplasia
Developmental disorders
Developmetal disorder
Develpmental disorder
Diamond-Blackfan anemia (DBA)
Diaphyseal dysplasia with anemia (Ghosal)
Diastrophic dysplasia (DTD)
Dicarboxylic aminoaciduria
Dichromacy
DIDMOAD syndrome
Dientamoebiasis
DiGeorge syndrome
Digestive disease
Digestive system disease
Dihydrofolate reductase (DHFR) deficiency
Dihydropyrimidinase deficiency
Dihydropyrimidine dehydrogenase deficiency
Dihydropyrimidinuria
Dilated cardiomyopathy (DCM)
Dimethylglycine dehydrogenase deficiency (DMGDHD)
Dioctophymosis
Diphtheria
Diphyllobothriasis
Disaccharide intolerance I
Disaccharide intolerance II
Diseases of the tricarboxylic acid cycle
Disorders caused by loss-of-function of LEMD3
Disorders of fatty-acid oxidation
Disorders of nucleotide excision repair
Disseminated superficial actinic porokeratosis (DSAP)
Distal arthrogryposis (DA)
Distal desminopathy (MFM1)
Distal hereditary motor neuropathies (dHMN)
Distal muscular dystrophies
Distal myopathy 3 (MPD2, VCPDM)
Distal myopathy with anterior tibial onset (DMAT)
Distal myopathy with decreased caveolin 3
Distal myopathy with rimmed vacuoles (DMRV)
Distal myotilinopathy (MFM3)
Distal nebulin myopathy (DNM)
Distal renal tubular acidosis (RTA type 1)
Distal SMA autosomal recessive type 4 (DSMA4)
Distal zaspopathy (MFM4)
DNA ligase I deficiency
DNA ligase IV deficiency
DNA repair defects
Donnai-Barrow syndrome
Donohue syndrome
Dopamine beta-hydroxylase deficiency
Dorfman-Chanarin syndrome
Double-outlet right ventricle
Dowling-Degos disease
Doyne honeycomb degeneration of retina (DHRD)
Dracunculiasis
Dravet syndrome/ Severe myoclonic epilepsy in infancy (SMEI)
Duane retraction syndrome
Duane-radial ray syndrome and IVIC syndrome
Dubin-Johnson syndrome (DJS)
Duchenne muscular dystrophy (DMD)
Dunnigan-like lipodystrophy (FPLD3)
Dunnigan-type lipodystrophy (FPLD2)
DuPan syndrome
Dutch-Kentucky syndrome
Dyggve-Melchior-Clausen disease and Smith-McCort dysplasia
Dysbetalipoproteinemia
Dyschromatosis symmetrica hereditaria
Dysferlinopathies
Dysfibrinogenemia
Dyshormogenetic goiter
Dyskeratosis congenita (DC)
Dyskeratosis follicularis
Dysplasminogenemia
Dyssegmental dysplasia, Silverman-Handmaker type
Dystroglycanopathy
Dystrophinopathies
Ear disease
Ear-patella-short statute syndrome
Early infantile epileptic encephalopathy
Early-onset Paget's disease of bone (PDB2)
Eastern equine encephalitis
Ebola haemorrhagic fever
Echinostomiasis
Ectodermal dysplasia
Ectodermal dysplasia associated immunodeficiency (EDA-ID)
Ectodermal dysplasia-syndactyly syndrome (EDSS)
Ectodermal dysplasia, anhidrotic
Ectodermal dysplasia, anhidrotic, with immunodeficiency, osteopetrosis, and lymphedema
Ectodermal dysplasia, ectrodactyly, and macular dystrophy (EEM syndrome)
Ectodermal dysplasia, hidrotic
Ectodermal dysplasia, hypohidrotic
Ectodermal dysplasia, pure hair-nail type (HNED)
Ectodermal dysplasia/skin fragility syndrome
Ectopia lentis
Ectrodactyly-ectodermal dysplasia cleft-palate syndrome (EEC syndrome)
EDS arthrochalasia type (EDS7A/7B)
EDS autosomal recessive cardiac valvular form (EDSCV)
EDS classical type (EDS1/2)
EDS dermatospraxis type (EDS7C)
EDS hypermobility type (EDS3)
EDS kyphoscoliosis type (EDS6)
EDS musculocontractural type (EDSMC)
EDS progeroid form (EDSP)
EDS vascular type (EDS4)
EDS-like spondylocheiro dysplasia (SCD-EDS)
Ehlers-Danlos syndrome (EDS)
Ehrlichia ewingii infection
Eiken dysplasia
Ellis-van Creveld syndrome
Emery-Dreifuss muscular dystrophy
Endocrine and metabolic diseases
Endocrine disease
Endocrine system disease
Endocrine system disease, Urinary system diseases
Endocrine-cerebro-osteodysplasia syndrome
Endometrial Cancer
Endosteal hyperostosis
Endosteal hyperostosis, van Buchem type
Enhanced S-cone syndrome (ESCS)
Enlarged parietal foramina/cranium bifidum
Enteroaggregative Escherichia coli (EAEC) infection
Enteroaggregative Escherichia coli (EAggEC) infection
Enterobacter infection
Enterobiasis
Enterohemorrhagic Escherichia coli (EHEC) infection
Enteroinvasive Escherichia coli (EIEC) infection
Enterokinase deficiency
Enteropathogenic Escherichia coli (EPEC) infection
Enterotoxigenic Escherichia coli (ETEC) infection
Enterovirus infection
Eosinophil peroxidase deficiency
Epidermodysplasia verruciformis
Epidermolysis bullosa dystrophica, AD
Epidermolysis bullosa dystrophica, AR
Epidermolysis bullosa pruriginosa
Epidermolysis bullosa simplex
Epidermolysis bullosa simplex with migratory circinate erythema
Epidermolysis bullosa simplex with mottled pigmentation (EBS-MP)
Epidermolysis bullosa simplex with muscular dystrophy (EBS-MD)
Epidermolysis bullosa simplex with pyloric atresia (EBS-PA)
Epidermolysis bullosa simplex, Dowling-Meara type (EBS-DM)
Epidermolysis bullosa simplex, Koebner type (EBS-K)
Epidermolysis bullosa simplex, Ogna type (EBS-Ogna)
Epidermolysis bullosa simplex, recessive
Epidermolysis bullosa simplex, Weber-Cockayne type (EBS-WC)
Epidermolysis bullosa, dysprophic
Epidermolysis bullosa, generalized atrophic benign (GABEB)
Epidermolysis bullosa, hemidesmosomal
Epidermolysis bullosa, junctional
Epidermolysis bullosa, junctional, Herlitz type (JEB-H)
Epidermolysis bullosa, junctional, non-Herlitz type (JEB-nH)
Epidermolysis bullosa, junctional, with pyloric atresia (JEB-PA)
Epidermolysis bullosa, lethal acantholytic
Epidermolysis bullosa, pretibial
Epidermolytic hyperkeratosis (EHK)
Epidermolytic palmoplantar keratoderma (EPPK)
epilepsy
Epilepsy and mental retardation limited to females (EFMR)
Epilepsy with generalized tonic-clonic seizures alone
Epiphyseal dysplasia, multiple, with myopia and deafness
Episodic ataxias
Epithelial basement membrane corneal dystrophy (EBMD)
Epithelioma calcificans of Malherbe
Epstein syndrome
Epstein-Barr virus (EBV) infection
Erysipeloid
Erythema infectiosum
Erythrocyte lactate transporter defect
Erythrokeratodermia variabilis
Erythropoietic porphyria (EP)
Erythropoietic protoporphyria (EPP)
Escherichia coli meningitis
ESCO2-related disorders
Esophageal cancer
Ethylmalonic encephalopathy (EE)
EVC-related disorders
Ewing's sarcoma
Exanthema subitum
Exocrine pancreatic insufficiency, dyserythropoietic anemia, and calvarial hyperostosis
Expansile skeletal hyperphosphatasia (ESH)
Extraskeletal myxoid chondrosarcoma
Exudative retinopathy with bone marrow failure
Exudative vitreoretinopathy 1 (EVR1)
Exudative vitreoretinopathy 4 (EVR4)
Exudative vitreoretinopathy 5 (EVR5)
Exudative vitreoretinopathy2, X-linked  (EVR2)
Eye disease
Fabry disease
Faciogenital dysplasia
Faciooculoacousticorenal syndrome
Facioscapulohumeral muscular dystrophy (FSHD)
Factor B deficiency
Factor D deficiency
Factor H deficiency
Factor I deficiency
Factor V deficiency
Factor XI deficiency
Factor XII deficiency
Factor XIII deficiency
Familial adenomatous polyposis
Familial advanced sleep phase syndrome
Familial amyloid polyneuropathy type IV
Familial amyloidosis
Familial articular chondrocalcinosis
Familial biparental hydatidiform
Familial British dementia (FBD)
Familial candidiasis (CANDF)
Familial carpal tunnel syndrome
Familial chilblain lupus (FCL)
Familial cholestasis
Familial cold autoinflammatory syndrome (FCAS)
Familial combined hyperlipidemia (FCHL)
Familial cylindromatosis
Familial Danish dementia (FDD)
Familial dementia
Familial encephalopathy with neuroserpin inclusion bodies (FENIB)
Familial erythrocytosis (ECYT)
Familial expansile osteolysis (FEO)
Familial exudative vitreoretinopathy (FEVR)
Familial flecked retina syndrome
Familial gestational hyperthyroidism (HTFG)
Familial hemophagocytic lymphohistiocytosis (FHPL)
Familial hereditary periodic fever syndromes
Familial hyperinsulinemic hypoglycemia (HHF)
Familial hyperparathyroidism (HRPT)
Familial hypobetalipoproteinemia (FHBL)
Familial idiopathic ventricular fibrillation
Familial infantile myoclonic epilepsy (FIME)
Familial isolated pituitary adenomas (FIPA)
Familial juvenile hyperuremic nephropathy (HNFJ)
Familial male precocious puberty (FMPP)
Familial Mediterranean fever (FMF)
Familial or sporadic hemiplegic migraine
Familial osteochondritis dissecans
Familial partial lipodystrophy (FPL)
Familial periodic fever
Familial platelet disorder with associated myeloid malignancy (FPDMM)
Familial progressive hyperpigmentation
Familial pseudohyperkalemia (FP)
Familial renal glucosuria (FRG)
Familial skewed X-chromosome inactivation
Familial thoracic aortic aneurysm and dissection (TAAD)
Familial tumoral calcinosis (FTC)
Fanconi anemia
Fanconi renotubular syndrome (FTS)
Fanconi-Bickel syndrome (GSD type XI)
Farber disease
Farber lipogranulomatosis
Fascioliasis
Fasciolopsiasis
Fatal familial insomnia (FFI)
Fatal infantile cardioencephalomyopathy
Fazio-Londe disease
Febrile convulsions
Febrile seizures
Fechtner syndrome
Fehr corneal dystrophy
Feingold syndrome
Fertile eunuch syndrome (FEUNS)
Fetal akinesia deformation sequence (FADS)
FG syndrome (FGS)
FG syndrome type 1 (FGS1)
FGFR3-related short limb skeletal dysplasias
Fibrodysplasia ossificans progressiva (FOP)
Fibrous dysplasia, polyostotic
Fibular aplasia or hypoplasia, femoral bowing and poly-, syn-, and oligodactyly
Fibular hypoplasia and complex brachydactyly
Fifth disease
Filaminopathy (MFM5)
Fish-eye disease
Fish-odor syndrome
Fleck corneal dystrophy (FCD)
Fletcher factor deficiency
FLNB-related disorders
Fluctuating myotonia congenita
Focal cortical dysplasia  type II
Focal cortical dysplasia of Taylor
Focal dermal hypoplasia
Foodborne Bacillus cereus intoxication
Foodborne Clostridium perfringens intoxication
Formiminotransferase deficiency
Forsius-Eriksson syndrome
Foveal hypoplasia
Fowler syndrome
FRA12A mental retardation
Fragile X Syndrome
Fragile X Syndrome (FXS)
Fragile X tremor/ataxia syndrome (FXTAS)
Francois-Neetens speckled corneal dystrophy
Fraser syndrome
Friedreich ataxia
Friedreich-like ataxia
Fronto-Otopalatodigital Osteodysplasia
Frontometaphyseal dysplasia
Frontonasal dysplasia
Frontorhiny
Frontotemporal dementia (FTD)
Frontotemporal dementia, chromosome 3-linked (FTD3)
Frontotemporal lobar degeneration (FTLD)
Fructose-1,6-bisphosphatase deficiency
Fructosemia
Fuchs corneal dystrophy (FECD)
Fuchs endothelial corneal dystrophy
Fucosidosis
Fuhrmann syndrome
Fukuyama CMD (FCMD)
Fukuyama congenital muscular dystrophy (FCMD)
Fumarase (FH) deficiency
Fundus albipunctatus (FA)
Fundus flavimaculatus
G6PC3 deficiency
GABA-transaminase deficiency
Galactosemia
Galactosialidosis
Gallbladder cancer
Gallbladder disease
Gamma-glutamylcysteine synthetase (GCLC) deficiency
Gas gangrene
Gastric cancer
Gastrointestinal disease
Gaucher disease
Gelatinous drop-like corneal dystrophy (GDCD)
Geleophysic dysplasia
Generalized arterial calcification of infancy
Generalized epilepsy and paroxysmal dyskinesia (GEPD)
Generalized epilepsy with febrile seizure plus (GEFS+)
Generalized thyroid hormone resistance
Geroderma osteodysplasticum
Gerstmann-Straussler disease (GSD)
Gerstmann-Straussler-Scheinker disease (GSSD)
Giant axonal neuropathy
Giant kidney worm infection
Giant platelet syndrome
Giardiasis
Gilbert Syndrome
Gitelman syndrome
Glanders
Glanzmann thrombasthenia
GLI3 morphopathies
Glioma
Global cerebral hypomyelination
Globoid cell leukodystrophy
Globozoospermia
Glomerulocystic kidney disease
Glomerulopathy with fibronectin deposits (GFND)
Glomuvenous malformation
Glucocorticoid resistance
Glucocorticoid-remediable aldosteronism (GRA)
Gluconobacter infection
Glucose 6-phosphate dehydrogenase deficiency
Glucose phosphate isomerase (GPI) deficiency
Glucose transport defect of the blood-brain barrier
Glucose-6-phosphate dehydrogenase (G6PD) deficiency
GLUT1 deficiency syndrome (GLUT1DS)
Glutamine synthetase deficiency
Glutaric acidemia
Glutaric acidemia, type I (GA1)
Glutaric acidemia, type II (GA2)
Glutathione peroxidase (GPX) deficiency
Glutathione synthetase (GSS) deficiency
Glycerol kinase deficiency (GKD)
Glycine encephalopathy (GCE)
Glycogen storage diseases (GSD)
Glycogen synthase deficiency (GSD type 0)
Glycosylphosphatidylinositol (GPI) deficiency
GM1 gangliosidosis
GM2 gangliosidoses
Gnathodiaphyseal dysplasia
Gnathostomiasis
Goldberg-Shprintzen megacolon syndrome
Goldberg-Shprintzen syndrome (GOSHS)
Goltz-Gorlin syndrome
Gonadal agenesis
Gonococcal infections
Gonorrhea
Gordonia bronchialis infection
Gorlin syndrome
Graft-versus-host disease
Granular corneal dystrophies (GCD)
Granular corneal dystrophy type III
Granular-lattice dystrophy
Graves' disease
Grebe dysplasia
Greenberg dysplasia
Greig cephalopolysyndactyly syndrome
Griscelli syndrome, type 1 (GS1)
Griscelli syndrome, type 2 (GS2)
Griscelli syndrome, type 3 (GS3)
Growth delay due to insulin-like growth factor I resistance
Growth hormone insensitivity with immunodeficiency
Growth retardation, developmental delay, coarse facies, and early death
Guanidinoacetate methyltransferase (GAMT) deficiency
Guanidinoacetate methyltransferase deficiency (GAMT deficiency)
Guinea worm disease
Gunther Disease
Guttmacher syndrome
H syndrome
H5N1 flu
HADH deficiency
Haemophilus influenzae infection
Hageman factor deficiency
Hailey-Hailey disease
Haim-Munk syndrome
Hair-brain syndrome
Hairy-cell leukemia
Hajdu-Cheney syndrome
Hallervorden-Spatz syndrome
Hand-foot-genital syndrome
Hand, foot and mouth disease
Hansen disease
Hantavirus pulmonary syndrome (HPS)
Harboyan syndrome
Harlequin ichthyosis
Hartnup disorder
Hashimoto's thyroiditis
Hawkinsinuria
HDR syndrome
Head lice infestation
Heart disease
Hecht-Beals Syndrome
Helicobacter pylori infection
Helicoid peripapillary chorioretinal degeneration (HPCD)
HEM skeletal dysplasia
Hematologic disease
Hemochromatosis (HFE)
Hemophilia
Hemophilia A (HEMA)
Hemophilia B (HEMB)
Hemorrhagic destruction of the brain, subependymal calcification, and cataracts
Hemorrhagic fever with renal syndrome (HFRS)
Hendra virus infection
Henipavirus infection
Hennekam lymphangiectasia-lymphedema syndrome (HLLS)
Heparan sulfate proteoglycan gene defects
Hepatic porphyria
Hepatic venoocclusive disease with immunodeficiency (VODI)
Hepatitis A
Hepatitis A virus (HAV) infection
Hepatitis B
Hepatitis B virus (HBV) infection
Hepatitis C
Hepatitis C virus (HCV) infection
Hepatitis D
Hepatitis delta virus (HDV) infection
Hepatitis E
Hepatitis E virus (HEV) infection
Hepatocellular carcinoma
Hepatolenticular degeneration
Hereditary angioedema
Hereditary angiopathy with nephropathy, aneurysms, and muscle cramps (HANAC)
Hereditary ataxia
Hereditary brachial plexus neuropathy
Hereditary cerebral hemorrhage with amyloidosis
Hereditary chronic pancreatitis
Hereditary Coproporphyria (HCP)
Hereditary dentine disorders
Hereditary elliptocytosis (HE)
Hereditary folate malabsorption (HFM)
Hereditary fructose intolerance
Hereditary gingival fibromatosis (HGF)
Hereditary hemorrhagic telangiectasia (HHT)
Hereditary hypophophatemic rickets with hypercalciuria (HHRH)
Hereditary inclusion body myopathy (hIBM)
Hereditary intrinsic factor deficiency (IFD)
Hereditary keratitis
Hereditary mixed polyposis syndrome
Hereditary motor and sensory neuropathy
Hereditary motor and sensory neuropathy type IIC (HMSN IIC)
Hereditary myopathy with lactic acidosis (HML)
Hereditary neuralgic amyotrophy (HNA)
Hereditary neuropathy with liability to pressure palsies (HNPP)
Hereditary non-polyposis colorectal cancer (HNPCC)
Hereditary pancreatitis
Hereditary pyropoikilocytosis (HPP)
Hereditary spastic paraplegia (SPG)
Hereditary spherocytosis (SPH)
Hereditary stomatocytosis (HSt)
Heredopathia atactica polyneuritiformis
Hermansky-Pudlak syndrome (HPS)
Herpangina
Herpes simplex infection
Herpes zoster
Hers disease (GSD type VI)
Heterophyiasis
Heterotaxy
Hexokinase (HK) deficiency
HHH syndrome
HIBCH defi
Hidradenitis supprativa
Hirschsprung disease (HD)
Histidinemia
Histoplasmosis
HMG-CoA synthase (HMGCS) deficiency
Hodgkin lymphoma
Holocarboxylase synthetase deficiency
Holoprosencephaly (HPE)
Holt-Oram syndrome
Homocystinuria
Honeycomb corneal dystrophy
Hoyeraal-Hreidarsson syndrome
HSD10 deficiency
HSV infection
Human echinococcosis
Human granulocytic anaplasmosis
Human hookworm infections
Human metapneumovirus infection
Human monocytic ehrlichiosis
Hunter syndrome
Huntington's disease (HD)
Huntington's disease-like 2 (HDL2)
Huntington's disease-like syndrome
Hurler syndrome (MPS1H)
Hurler-Scheie syndrome (MPS1HS)
Hutchinson-Gilford progeria syndrome
Hyaline body myopathy
Hyaluronidase deficiency
Hydrocephalus (XLH)
Hydrolethalus syndrome
Hymenolepiasis
Hyper IgM syndromes, autosomal recessive type
Hyper-IgE syndrome
Hyperalphalipoproteinemia
Hyperargininemia
Hyperbilirubinemia
Hypercarotenemia and vitamin A deficiency
Hypercatabolic hypoproteinemia
Hyperchlorhidrosis isolated (HCHLH)
Hypercholanemia
Hypercholesterolemia
Hypercholesterolemia, autosomal dominant
Hypercholesterolemia, autosomal recessive (ARH)
Hyperekplexia
Hyperglycerolemia
Hyperglycinuria
Hyperimmunoglobulinemia D
Hyperkalemic distal renal tubular acidosis (RTA type 4)
Hyperkalemic periodic paralysis (HyperPP)
Hyperlipoproteinemia, type I
Hyperlipoproteinemia, type IIa
Hyperlipoproteinemia, type III
Hyperlipoproteinemia, type V
Hyperlysinemia
Hypermethioninemia
Hyperornithinemia-hyperammonemia-homocitrullinuria syndrome
Hyperphenylalaninemia, BH4-deficient
Hyperpigmentation, cutaneous, with hypertrichosis, hepatosplenomegaly, heart anomalies, hearing loss, and hypogonadism
Hyperprolinemia (HP)
Hypertension exacerbated in pregnancy
Hyperthyroidism non-autoimmune (HTNA)
Hypertrophic cardiomyopathy (HCM)
Hypoalphalipoproteinemia
Hypocatalasemia
Hypochondrogenesis
Hypochondroplasia
Hypochromic microcytic anemia
Hypodontia
Hypogonadism, alopecia, diabetes mellitus, mental retardation, and extrapyramidal syndrome
Hypogonadotropic hypogonadism
Hypokalemic periodic paralysis (HypoPP)
Hypomagnesemia
Hypomelanosis of Ito
Hypomyelinating leukodystrophy (HLD)
Hypoparathyroidism with sensorineural deafness and renal dysplasia
Hypoparathyroidism-retardation-dysmorphism syndrome
Hypophosphatasia
Hypophosphatemic rickets
Hypoplastic left heart syndrome (HLHS)
Hypospadias
Hypotrichosis and recurrent skin vesicles
Hypotrichosis simplex of scalp
Hypotrichosis-lymphedema-telangiectasia syndrome (HLTS)
Hypoxanthine-guanine phosophoribosyltransferase deficiency
Ichthyosis bullosa of Siemens
Ichthyosis follicularis, alopecia, and photophobia syndrome
Ichthyosis hystrix, Curth-Macklin type
Ichthyosis prematurity syndrome
Ichthyosis variegata
Ichthyosis vulgaris
Ichthyosis with confetti
Ichthyosis with hypotrichosis
Ichthyosis, leukocyte vacuoles, alopecia, and sclerosing cholangitis (ILVASC)
Idiopathic congenital nystagmus (ICN)
Idiopathic generalized epilepsies (IGEs)
Idiopathic hyperCKemia
Idiopathic pulmonary fibrosis
IFN-gamma receptor (IFN gamma R) alpha chain deficiency
IFN-gamma receptor (IFN gamma R) beta chain deficiency
IFN-gamma/IL-12 axis
Ig heavy chain gene deletions
Ig-alpha defect
IGF-I resistance
IgM heavy chain gene deletions
Il-1 receptor-associated kinase 4 (IRAK-4) deficiency
IL-12 p40 subunit deficiency
IL-12 receptor (IL-12R) beta1 chain deficiency
IL-2 receptor alpha (IL2R alpha) deficiency
IL-7 receptor alpha (IL7R alpha) deficiency
Imerslund-Grasbeck syndrome (IGS)/ Megaloblastic anemia 1
Iminoglycinuria
Immune system disease
Immune system diseases
Immune thrombocytopenia (ITP)
Immunodeficiency with hyper-IgM type 3
Immunodeficiency with thynoma
Immunodeficiency without anhidrotic ectodermal  dysplasia
Immunodeficiency, centromeric instability, facial anomalies (ICF)-syndrome
Immunodeficiency, Polyendocrinopathy, Enteropathy, X-linked Syndrome (IPEX)
Inclusion body myopathy 3 (IBM3)
Inclusion body myopathy with early-onset paget disease and frontotemporal dementia (IBMPFD)
Incontinentia pigmenti
Inducible T Cell costimulator (ICOS) defect
Infantile ascending hereditary spastic paralysis (IAHSP)
Infantile bilateral striatal necrosis (IBSN)
Infantile cortical hyperostosis
Infantile Neuronal Ceroid Lipofuscinosis (INCL)/ Santavuori-Haltia Disease (CLN1)
Infantile progressive bulbar palsy
Infantile Refsum disease (IRD)
Infantile sialic acid storage disease (ISSD)
Infantile systemic hyalinosis and juvenile hyaline fibromatosis
Infectious disease
Infectious mononucleosis
Inflammatory bowel disease
Influenza
Inherited disease
Inherited erythromelalgia (IEM)
Inherited metabolic disease
Inherited thrombophilia
Inhibitor of kappa-B (I-kappa-B) defect
Insulin-like growth factor 1 deficiency (IGFD)
Insulin-resistant diabetes mellitus with acanthosis nigricans (IRAN)
Integrin alpha7-deficient CMD
Interleukin 1 receptor antagonist deficiency (DIRA)
Intestinal fluke infections
Intrahepatic cholestasis of pregnancy (ICP)
IRF6-related disorders
Iridogoniodysgenesis (IRID)
Iron-refractory iron deficiency anemia (IRIDA)
Isobutyryl-CoA dehydrogenase (IBD) deficiency
Isolated ACDH deficiency (IAD)
Isolated congenital digital clubbing
Isolated congenital nail clubbing (ICNC)
Isolated follicle-stimulating hormone deficiency (IFSHD)
Isolated growth hormone deficiency (IGHD)
Isolated orofacial clefts
Isolated short stature
Isovaleric acidemia (IVA)
Jackson-Lawler syndrome 
Jackson-Weiss syndrome
Jadassohn-Lewandowsky syndrome
Jalili syndrome
Janus kinase-3 (Jak3) deficiency
Japanese encephalitis
Jensen syndrome
Jervell and Lange-Nielsen syndrome (JLNS)
Jeune syndrome
Johanson-Blizzard syndrome
Joubert syndrome
Juvenile absence epilepsy (JAE)
Juvenile hemochromatosis (JH)
Juvenile myoclonic epilepsy (JME)
Juvenile Neuronal Ceroid Lipofuscinosis (JNCL)/Batten Disease/ Spielmeyer-Vogt Disease (CLN3)
Juvenile Paget's disease (JPD)
Juvenile polyposis syndrome
Juvenile primary lateral sclerosis
Juvenile-onset dystonia
Kabuki syndrome
Kallmann syndrome (KAL)
Kanzaki disease
Kaposi's sarcoma
kappa light-chain deficiency
Kartagener syndrome
Kearns-Sayre Syndrome (KSS)
Kennedy's disease
Kenny-Caffey syndrome
Keratitis-ichthyosis-deafness syndrome
Keratoconus
Keratosis follicularis spinulosa decalvans
Keratosis linearis with ichthyosis congenita and sclerosing keratoderma
Keratosis palmoplantaris-cystic eyelids-hypodontia-hypotrichosis
Ketosis-prone diabetes mellitus (KPD)
Keutel syndrome
KID/HID syndrome
Kidney disease
Kidney diseases
Kindler syndrome
Klebsiella infection
Kleefstra syndrome
KLICK syndrome
Klippel-Feil syndrome(KFS)
Kniest dysplasia
Knobloch syndrome (KNO)
Kobberling-type lipodystrophy (FPLD1)
Kostmann syndrome
Krabbe disease
Kyasanur Forest disease
L-2-hydroxyglutaric aciduria (L2HGA)
L1 syndrome
Lacrimo-auriculo-dento-digital syndrome (LADD)
LAD with Rac2 deficiency
Lafora disease (LBD)
Laing myopathy (MPD1)
Lambliasis
Lamellar ichthyosis (LI) and Non-bullous congenital ichthyosiform erythroderma (NBCIE)
Langer syndrome
Larsen syndrome
Laryngeal cancer
Laryngoonychocutaneous syndrome
Lassa fever
Late complement pathway defects
Late-Infantile Neuronal Ceroid Lipofuscinosis (LINCL)/ Jansky-Bielschowsky Disease (CLN2)
Late-onset multiple carboxylase deficiency
Late-onset retinal degeneration (L-ORD)
Lathosterolosis
Lattice corneal dystrophies (LCD)
LCHD deficiency (LCHD)
Leber congenital amaurosis (LCR)
Leber hereditary optic atrophy (LHON)
Leber Hereditary Optic Neuropathy (LHON)
Leber optic atrophy
Lecithin:cholesterol acyltransferase deficiency
Left ventricular noncompaction (LVNC)
Legionellosis
Legionnaires disease
Legius syndrome
Leigh syndrome
Leigh syndrome (LS)
Leishmaniasis
Lenegre-Lev disease
Leopard syndrome (LS)
Leprechaunism
Leprosy
Leptospirosis
Leri-Weill syndrome
Lesch-Nyhan syndrome
Lethal arthrogryposis with anterior horn cell disease
Lethal congenital contractural syndrome (LCCS)
Lethal osteosclerotic bone dysplasia
Leucine-rich repeat-containing 8
Leukocyte adhesion deficiency (I)
Leukocyte adhesion deficiency (II)
Leukocyte adhesion deficiency (III)
Leukocyte adhesion deficiency (LAD)
Leukoencephalopathy with brain stem and spinal cord involvement and lactate elevation (LBSL)
Leukoencephalopathy with dystonia and motor neuropathy
Leukoencephalopathy with vanishing white matter
Levy-Hollister syndrome
Lewy body dementia (LBD)
Leydig cell hypoplasia
LFS-like syndrome (LFSL)
Li-Fraumeni syndrome
Liddle syndrome
Ligneous conjunctivitis
Limb-girdle muscular dystrophy (LGMD)
Limb-girdle muscular dystrophy (LGMD) 1C
Limb-girdle muscular dystrophy (LGMD) 2B
Limb-girdle muscular dystrophy (LGMD) 2C
Limb-girdle muscular dystrophy (LGMD) 2D
Limb-girdle muscular dystrophy (LGMD) 2E
Limb-girdle muscular dystrophy (LGMD) 2F
Limb-girdle muscular dystrophy 2A (LGMD2A)
Limb-mammary syndrome
LINCL variant (CLN5, CLN6, CLN7, CLN8)
Lipoid proteinosis
Lipoprotein glomerulopathy
Lissencephaly (LIS)
Listeriosis
Liver diease
liver disease
Liver diseases
Liver fluke disease
LMNA-deficient CMD
Localized autosomal recessive hypotrichosis
Loeys-Dietz syndrome (LDS)
Loiasis
Long QT syndrome
Long-chain 3-hydroxyacyl CoA dehydrogenase deficiency (LCHADD) 
Lou Gehrig's disease
Louis-Bar syndrome
Low-molecular-weight proteinuria with hypercalciuria and nephrocalcinosis
Lowe syndrome
Lujan syndrome
Lujan-Fryns syndrome (LFS)
Lung disease
Lung fluke disease
Lyme disease
Lymphangioleiomyomatosis (LAM)
Lymphatic filariasis
Lymphedema-distichiasis syndrome (LD)
Lymphedema, hereditary I
Lymphedemas
Lymphocytic choriomeningitis
Lymphogranuloma venereum
Lymphoplasmacytic lymphoma
Lymphoproliferative syndrome, EBV-associated, autosomal, 1
Lynch syndrome
Lysinuric protein intolerance (LPI)
Lysosomal acid lipase deficiency
Lysosomal storage disease
Lyssavirus infection
Lysyl hydroxylase 3 (LH3) deficiency
Machado-Joseph disease (SCA3)
Macrocephaly macrosomia facial dysmorphism syndrome
Macrocephaly, alopecia, cutis laxa, and scoliosis
Macrothrombocytopenia
MACS syndrome
Macular corneal dystrophy (MCD)
Macular degeneration
Majeed syndrome
Mal de Meleda
Malaria
Malignant islet cell carcinoma
Malignant melanoma
Malignant pleural mesothelioma
Malonyl-CoA decarboxylase deficiency
Mandibuloacral dysplasia
Manitoba oculotrichoanal syndrome
Mannose-binding lectin deficiency
Mannose-binding lectin pathway component defects
Mannose-binding lectin-associated serine protease (MASP) 2 deficiency
Mansonelliasis
MAOA deficiency
Map-dot-fingerprint dystrophy
Maple syrup urine disease (MSUD)
Marburg disease
Marfan syndrome
Marfan syndrome (MFS)
Marie-Unna hereditary hypotrichosis (MUHH)
Marinesco-Sjogren syndrome
Maroteaux-Lamy syndrome
Marshall syndrome
Martsolf syndrome
MASA syndrome
MASS phenotype
Maturity onset diabetes of the young (MODY)
May-Hegglin anomaly
McArdle disease (GSD type V)
McKusick-Kaufman syndrome
McLeod syndrome
McLeod syndrome (MLS)
Measles
Meckel syndrome (MKS)
Meckel-Gruber syndrome
MECP2-related severe neonatal encephalopathy
MED12-related disorders
Medium-chain (MC) acyl-CoA dehydrogenase (AD) deficiency (MCADD)
Medullary cystic kidney disease 1
Medullary cystic kidney disease 2
Medullary cystic kidney disease 2 (MSKD2)
Meesmann corneal dystrophy
Megalencephalic leukoencephalopathy with subcortical cysts (MLC)
MELAS
Meleda disease
Melioidosis
Melnick-Needles syndrome
Melorheostosis
MEN1-like syndrome (MEN4)
Meningococcal infections
Menkes disease (MD)
Menkes kinky hair syndrome
mental retardation
Mental retardation with isolated growth hormone deficiency (MRGH)
Mental retardation-stereotypic movements-epilepsy and/or cerebral malformations (MRSME)
Mental, Behavioral and Neurodevelopmental disorders
Meretoja syndrome
Merosin-deficient CMD (MDC1A)
Metabolic disease
Metabolic disorder
Metachondromatosis
Metachromatic leukodystrophy (MLD)
Metagonimiasis
Metaphyseal anadysplasia (MAD)
Metaphyseal dysplasia without hypotrichosis (MDWH)
Metaphyseal dysplasia, Jansen type
Metaphyseal dysplasia, McKusik type
Metaphyseal dysplasia, Schmid type
Metaphyseal dysplasias
Metatropic dysplasia
Methemoglobinemia
Methicillin-resistant Staphylococcal aureus (MRSA) infection
Methionine adenosyltransferase deficiency
Methylcobalamin deficiency type G (cblG)
Methylmalonic aciduria (MMA)
Methylobacterium infection
Mevalonate kinase deficiency
Mevalonic aciduria
MHC deficiency (HLA-class I)
MHC deficiency (HLA-class II)
Microcephalic osteodysplastic primordial dwarfism, type I (MOPD I)
Microcephalic osteodysplastic primordial dwarfism, type II (MOPD II)
Microcephaly, Amish type
Microtia hearing impairment and cleft palate (MHICP)
Microvillus inclusion disease (DIAR2)
Miller-Dieker syndrome (MDLS)
Mismatch repair deficiency
Mitochondrial complex I deficiency (MT-C1D)
Mitochondrial DNA depletion syndrome (MDS)
Mitochondrial myopathy and sideroblastic anemia
Mitochondrial respiratory chain deficiencies (MRCD)
Miyoshi myopathy (MM)
Mohr-Tranebjaerg syndrome
Molluscum contagiosum
Monilethrix
Monkeypox
Monocarboxylate transporter 8 deficiency
Moraxella catarrhalis infection
Morquio syndrome A (MPS4A)
Morquio syndrome B (MPS4B)
Mosaic variegated aneuploidy (MVA) syndrome
Moschcowitz disease
Mosquito-borne viral encephalitis
Mosquito-borne viral fevers
Mouth and dental disorder
Mouth and dental disorders
Mowat-Wilson syndrome
MRXHF1
Muckle-Wells syndrome (MWS)
Mucolipidosis I
Mucolipidosis II / I-cell disease
Mucolipidosis II and III
Mucolipidosis III A / Pseudo-Hurler polydystrophy
Mucolipidosis III C
Mucolipidosis IV
Mucopolysaccharidosis type I (MPS1)
Mucopolysaccharidosis type II (MPS2)
Mucopolysaccharidosis type III (MPS3)
Mucopolysaccharidosis type IV (MPS4)
Mucopolysaccharidosis type IX (MPS9)
Mucopolysaccharidosis type VI (MPS6)
Mucopolysaccharidosis type VII (MPS7)
Muenke craniosynostosis
Muir-Torre syndrome
Mulibrey nanism
Mullerian aplasia and hyperandrogenism
Multi-minicore disease (MmD)
Multicore myopathy with external ophthalmoplegia
Multifocal osteomyelitis with periostitis and pustulosis (OMPP)
Multiple acyl coenzyme A dehydrogenase deficiency
Multiple cutaneous and uterine leiomyomata
Multiple endocrine neoplasia type 1 (MEN1)
Multiple epiphyseal dysplasia (MED)
Multiple exostoses
Multiple familial trichoepithelioma
Multiple myeloma
Multiple pterygium syndrome
Multiple pterygium syndrome, Escobar variant (EVMPS)
Multiple pterygium syndrome, lethal type (LMPS)
Multiple sulfatase deficiency (MSD)
Multiple synostosis syndrome
Mumps
Munc deficiency
Muscle-eye-brain disease (MEB)
Muscular disease
Musculoskeletal disease
Mycoplasma pneumonia
Myeloperoxidase deficiency
MYH9-related kidney diseases
Myiasis
Myoclonic Epilepsy and Ragged-Red Fiber Disease (MERRF)
Myofibrillar myopathies (MFM)
Myopathy
Myopathy with lactic acidosis and sideroblastic anaemia (MLASA)
Myosin storage myopathy (MSM)
Myotilinopathy (MFM3)
Myotonia congenita
Myotonia fluctuans
Myotonia levoir
Myotonia permanens
Myotonic dystrophy (DM)
Myxoid liposarcoma
N-acetylglutamate synthase (NAGS) deficiency
Naegeli-Franceschetti-Jadassohn syndrome
Nail-patella syndrome
Nance-Horan syndrome
Narcolepsy
NARP
Nasopharyngeal cancer
Nasu-Hakola disease
Nav1.7-associated congenital insensitivity to pain (CIP)
Naxos disease and Carvajal syndrome
Necatoriasis
Nemaline myopathy
Neonatal ichthyosis-sclerosing cholangitis (NISCH) syndrome
Neonatal meningitis-associated Escherichia coli (NMEC) infection
Neonatal MFS
Nephrogenic syndrome of inappropriate antidiuresis (NSIAD)
Nephrolithiasis/osteoporosis, hypophosphatemic
Nephronophthisis (NPH) 
Nephronophthisis-like nephropathy 1
Nephronophthisis-medullary cystic kidney disease
Nephropathy with pretibial epidermolysis bullosa and deafness
Nephrotic syndrome and focal segmental glomerulosclerosis
Nervous system disease
Nervous system diseases
Netherton syndrome
Neuroblastoma
Neuroborreliosis
Neurodegeneration due to cerebral folate transport deficiency
Neurodegeneration with brain iron accumulation (NBIA)
Neurodegenerative  disease
Neurodegenerative disease
Neurodegenerative diseases
Neurodegenerative disorder
Neuroferritinopathy
Neurofibromatosis type 1 (NF1)
Neurofibromatosis type 2 (NF2)
Neurofibromatosis-Noonan syndrome (NFNS)
Neurohypophyseal diabetes insipidus (NPDI)
Neuronal ceroid lipofuscinoses (NCL)
Neuronal ceroid lipofuscinosis
Neutral lipid storage disease with myopathy
Neutropenia, severe congenital 4, autosomal recessive
Neutropenic disorders
Neutrophil-specific granule deficiency
Nevo syndrome
Nevoid basal cell carcinoma syndrome
New variant of MFS
Newfoundland rod-cone dystrophy (NFRCD)
NF-kappa-B essential modulator (NEMO) defect
NHEJ1 syndrome
Niemann-Pick disease (NPD)
Niemann-Pick disease, type A
Niemann-Pick disease, type B
Niemann-Pick disease, type C1
Niemann-Pick disease, type C2
Niemann-Pick type C disease (NPC)
Nijmegen syndrome
Nipah virus infection
NK cell defects
Nocardiosis
Nocturnal frontal lobe epilepsy (NFLE)
Non-epidermolytic palmoplantar keratoderma (NEPPK)
Non-small cell lung cancer
Non-syndromic autosomal dominant mental retardation
Non-syndromic X-linked mental retardation
Nonaka distal myopathy (NM)
Nonaka distal myopathy with rimmed vacuoles (DMRV)
Nonketotic hyperglycinemia
Nonsyndromic autosomal recessive mental retardation (NS-ARMR)
Nonsyndromic congenital nail disorder (NDNC)
Noonan syndrome
Noonan syndrome (NS)
Noonan syndrome and related disorders
Noonan syndrome-like with loose anagen hair (NS/LAH)
Noradrenaline deficiency
Norepinephrine deficiency
Norrie disease (ND)
North American Indian childhood cirrhosis (NAIC)
Norum disease
Novosphingobium aromaticivorans infection
Nutritional deficiencies
O'nyong-nyong fever
Occult macular dystrophy (OMD)
Ochrobactrum anthropi infection
Ocular albinism
Ocular albinism, type I (OA1)
Ocular coloboma
Ocular larva migrans
Oculo-auricular syndrome
Oculocerebrorenal Dystrophy (OCRL)
Oculocutaneous albinism (OCA)
Oculodentodigital dysplasia
Oculopharyngeal muscular dystrophy (OPMD)
Odontoonychodermal dysplasia
Oguchi disease/ CSNB Oguchi type (CSNBO)
Ohtahara syndrome
Okihiro syndrome
Oligodontia-colorectal cancer syndrome
Omenn syndrome
Omodysplasia 1
Omsk hemorrhagic fever
Onchocerciasis
Opitz trigonocephaly syndrome
Opitz-GBBB syndrome
Opitz-Kaveggia syndrome
Optic atrophy (OPA)
Optic nerve hypoplasia
Opticoacoustic nerve atrophy
Oral cancer
Oral-facial-digital syndrome 1
Ornithinaemia
Ornithine transcarbamylase deficiency
Oropouche fever
Orotic aciduria
Oroya Fever
Orthostatic intolerance (OI)
Ossification of the posterior longitudinal ligament of spine (OPLL)
Osteoarthritis with mild chondrodysplasia
Osteochondritis dissecans, short stature, and early-onset osteoarthritis
Osteogenesis imperfecta
Osteoglophonic dwarfism (OGD)
Osteoglophonic dysplasia (OD)
Osteopathia striata with cranial sclerosis
Osteopetrosis
Osteopetrosis with renal tubular acidosis
Osteopetrosis, autosomal dominant 1 (OPTA1)
Osteopetrosis, intermediate forms
Osteopetrosis, late-onset form type 1
Osteopetrosis, late-onset form type 2
Osteopetrosis, osteoclast poor
Osteopetrosis, severe neonatal or infantile forms
Osteopoikilosis
Osteoporosis-pseudoglioma syndrome (OPPG)
Osteoporosis, lymphedema, anhydrotic ectodermal dysplasia with immunodeficiency (OLEDAID)
Osteosarcoma
Other brachydactylies
Other humoral immunodeficiencies
Other nervous system diseases
Other phagocyte defects
Other well-defined immunodeficiency syndromes
Oto-facio-cervical syndrome (OFC)
Otopalatodigital syndrome, type I
Otopalatodigital syndrome, type II
Otospondylomegaepiphyseal dysplasia (OSMED)
Ovarian cancer
Ovarian dysgenesis
Ovarian hyperstimulation syndrome (OHSS)
Overhydrated hereditary stomatocytosis (OHS)
Ovotesticular DSD
Owren disease
Oxysterol 7-alpha-hydroxylase deficiency (CBAS3)
Oxyuriasis
P14 deficiency
p22phox deficiency (p22phox CGD)
p47phox deficiency (p47phox CGD)
p56 Lck deficiency
p67phox deficiency (p67phox CGD)
Pachyonychia congenita
Paget's disease of bone (PDB)
Paget's disease of bone and related disorders
Pallister-Hall syndrome
Palmoplantar keratoderma with deafness
Pancreas disease
Pancreatic agenesis
Pancreatic cancer
Pantothenate kinase associated neurodegeneration (PKAN)
Pantothenate kinase-associated neurodegeneration (PKAN)
Papillon-Lefevre syndrome
Papillorenal syndrome
Paracoccidioidomycosis
Paracoccus yeei infection
Paragonimiasis
Parainfluenza infections
Paramyotonia congenita (PMC)
Parastremmatic dysplasia
Paratyphoid fever
Parkes-Weber slndrome
Parkinson's disease (PD)
Paroxysmal extreme pain disorder (PEPD)
Paroxysmal nocturnal hemoglobinuria (PNH)
Parrot fever
Partington syndrome (PRTS)
Pasteurellosis
Patella dysplasias
Patterned dystrophy of retinal pigment epithelium (PDREP)
Pediculosis
Pelger-Huet anomaly
Pelizaeus-Merzbacher disease (PMD)
Pena-Shokeir syndrome, type 1
Penile cancer
Pentastomiasis
Pentosuria
Perforin deficiency
Periodontosis
Periventricular nodular heterotopia (PVNH)
Permanent neonatal diabetes mellitus (PNDM)
Peroneal muscular atrophy
Peroxisomal beta-oxidation enzyme deficiency
Peroxisomal disease
Perrault syndrome
Perry syndrome
Persistent Mullerian duct syndrome
Persistent truncus arteriosus
Pertussis
Peters anomaly
Peters anomaly plus systemic features
Peters plus syndrome
Peutz-Jeghers syndrome
Pfeiffer syndrome
Phelan-McDermid syndrome
Phenylketonuria (PKU)
Phenylobacterium infection
Phosphoglycerate kinase 1 (PGK1) deficiency
Phosphoribosylpyrophosphate synthetase I superactivity
Phosphorylase kinase deficiency (GSD type IX)
Phosphoserine aminotransferase (PSAT) deficiency
Pick disease of brain
Piebaldism
Pierson syndrome
Pigmentary mosaicism
Pigmented micronodular adrenocortical disease (PPNAD)
Pigmented paravenous chorioretinal atrophy (PPCA)
Pilomatricoma
Pitt-Hopkins syndrome
Pitt-Hopkins-like syndrome
Pituitary adenomas
Pituitary Dwarfism (PD)
Pityriasis rosea
Plague
Plasma thromboplastin antecedent deficiency
Plasminogen activator inhibitor type 1 (PAI-1) deficiency
Plasminogen deficiency
Platelet glycoprotein IV deficiency
Platyspondylic skeletal dysplasia, Torrance type
PMSE syndrome
Pneumonia due to Streptococcus pneumoniae
Pneumothorax
Poikiloderma with neutropenia
Polio
Polycystic kidney disease
Polycystic lipomembranous osteodysplasia with sclerosing leukoencephalopathy (PLOSL)
Polycystic liver disease
Polycythemia vera
Polyhydramnios, megalencephaly, and symptomatic epilepsy
Polymicrogyria
Polymicrogyria with optic nerve hypoplasia
Polyneuropathy, hearing loss, ataxia, retinitis pigmentosa, and cataract (PHARC)
Pompe disease (GSD type II)
Pontocerebellar hypoplasia
Poor drug metabolism (PM)
Popliteal pterygium syndrome (PPS)
Porencephaly
Porphyria Cutanea Tarda (PCT)
Postaxial polydactyly types A1 and B
Posterior column ataxia with retinitis pigmentosa (PCARP)
Posterior polymorphous corneal dystrophy (PPCD)
Postural tachycardia syndrome (POTS)
Potassium-aggravated myotonias (PAMs)
Prader-Willi and Angelman syndromes
Prader-Willi syndrome (PWS)
Preaxial polydactyly type-IV
Precocious puberty
Preexcitation syndrome
Prekallikrein deficiency
Premature ovarian failure
Prepubertal periodontitis (PPP)
Primary bile acid malabsorption
Primary ciliary dyskinesia
Primary congenital glaucoma (PCG)
Primary dystonia
Primary erythromelalgia
Primary failure of tooth eruption
Primary familial amyloidosis
Primary hyperoxaluria (HP)
Primary hyperparathyroidism
Primary hypertrophic osteoarthropathy (PHO)
Primary immunodeficiency
Primary localized cutaneous amyloidosis (PLCA)
Primary microcephaly (MCPH)
Primary open angle glaucoma
Primary pulmonary hypertension (PPH)
Prion diseases
Progressive cardiac conduction defect (PCCD)
Progressive diaphyseal dysplasia
Progressive external ophthalmoplegia (PEO)
Progressive familial heart block (PFHB)
Progressive familial intrahepatic cholestasis (PFIC)
Progressive multifocal leukoencephalopathy (PML)
Progressive myoclonic epilepsy (PME)
Progressive osseous heteroplasia (POH)
Progressive pseudorheumatoid dysplasia (PPRD)
Progressive supranuclear palsy (PSP)
Progressive supranuclear palsy type 1 (PSNP1)
Prolidase deficiency (PD)
Proliferative vasculopathy and hydranencephaly-hydrocephaly syndrome (PVHH)
Properdin deficiency
Propionic acidemia
Prosaposin deficiency
Prostate cancer
Proteus mirabilis infection
Proteus syndrome
Proteus-like syndrome
Proud syndrome (ACCAG)
Proximal renal tubular acidosis (RTA type 2)
Proximal symphalangism
Pseudo-TORCH syndrome
Pseudoachondroplasia (PSACH)
Pseudofolliculitis barbae
Pseudohypoaldosteronism type I  (PHA1)
Pseudohypoaldosteronism type II (Gordon's syndrome)
Pseudohypoparathyroidism
Pseudomembranous colitis
Pseudomonas aeruginosa infection
Pseudoxanthoma elasticum
Pseudoxanthoma elasticum (PXE)
Pseudoxanthoma elasticum-like disorder with multiple coagulation factor deficiency
Psittacosis
PTEN hamartoma tumor syndrome (PHTS)
Pulmonary alveolar microlithiasis (PALM)
Pulmonary alveolar proteinosis (PAP)
Pulmonary distomatosis
Pulmonary surfactant metabolism dysfunction (SMDP)
Pulmonary venoocclusive disease
Purine nucleoside phosphorylase (PNP) deficiency
Pycnodysostosis
Pyogenic bacterial infections, recurrent, due to MYD88 deficiency
Pyogenic sterile arthritis, pyoderma gangrenosum, and acne (PAPA) syndrome
Pyridox(am)ine-5'-phosphate oxidase (PNPO) deficiency
Pyridoxine-dependent epilepsy (PDE)
Pyridoxine-refractory autosomal recessive sideroblastic anemia (PRARSA)
Pyruvate carboxylase deficiency
Pyruvate dehydrogenase complex deficiency
Pyruvate dehydrogenase E3-binding protein deficiency (PDHXD)
Pyruvate dehydrogenase phosphatase deficiency
Pyruvate kinase (PK) deficiency
Pyruvate kinase hyperactivity
Q fever
Rabies
Rabies-related virus infection
Rabson-Mendenhall syndrome
Radioulnar synostosis with amegakaryocytic thrombocytopenia
RAG deficiency with granulomas
Raine syndrome
Ralstonia pickettii infection
RAPADILINO syndrome
RASA1-related disorders
Rat-bite fever
Raymond type (MRXSR)
Recombinase activating gene (RAG) deficiencies
Recurrent hydatidiform moles (RHM)
Red cell pyruvate kinase (PK) deficiency
Reducing body myopathy (RBM)
Refetoff Syndrome
Refsum disease
Reis-Bucklers corneal dystrophy (RBCD)
Relapsing fever
Renal agenesis and Renal adysplasia
Renal cell carcinoma
Renal coloboma syndrome (RCS)
Renal hypouricemia (RHUC)
Renal tubular dysgenesis
Renal-hepatic-pancreatic dysplasia
Renpenning syndrome (RENS1)
Reproductive system disease
Respiratory syncytial virus infection
Respiratory system disease
Respiratory tract disease
Restrictive cardiomyopathy (RCM)
Restrictive dermopathy
Reticular dysgenesis
Retinal cone dystrophy (RCD)
Retinal macular dystrophy 2 (MCDR2)
Retinal vasculopathy with cerebral leukodystrophy (RVCL)
Retinitis pigmentosa (RP)
Retinitis punctata albescens (RPA)
Rett syndrome
Revesz syndrome
Reynolds syndrome
Rh-deficiency syndrome
Rh-null hemolytic anemia (RHN)
Rhabdoid predisposition syndrome (RPS)
Rheumatoid arthritis
Rhizomelic chondrodysplasia punctata
Rhizomelic chondrodysplasia punctata, type I (RCDP1)
Rhizomelic chondrodysplasia punctata, type II (RCDP2)
Rhizomelic chondrodysplasia punctata, type III (RCDP3)
Rhodococcus equi infection
Ribose 5-phosphate isomerase (RPI) deficiency
Ribosomopathy
RIDDLE syndrome
Rift Valley fever
Rigid spine syndrome (RSS)
Ring dermoid of cornea
Rippling muscle disease (RMD)
River blindness
RMRP related disorders
Roberts syndrome
Robinow syndrome
Robles' Disease
Rod monochromacy
Romano-Ward syndrome
Rosenthal syndrome
Roseola
Roseolovirus infection
Ross River fever
Rotaviral enteritis
Rothmund-Thomson syndrome
Round-headed spermatozoa
Roussy-Levy syndrome
RSV infection
Rubella
Rubinstein-Taybi syndrome
Russell-Silver syndrome
S-adenosylhomocysteine hydrolase deficiency
Saccharopinuria
Saethre-Chotzen syndrome
Salmonellosis
Sandfly fever
Sandhoff disease (type II)
Sanfilippo A syndrome (MPS3A)
Sanfilippo B syndrome (MPS3B)
Sanfilippo C syndrome (MPS3C)
Sanfilippo D syndrome (MPS3D)
Sanjad-Sakati syndrome
Sarcoglycanopathies
Sarcoidosis, early-onset
SARS
SC phocomelia syndrome
Scapuloperoneal myopathy (SPM)
Scapuloperoneal spinal muscle atrophy (SPSMA)
Scheie syndrome (MPS1S)
Schilder-Addison Complex
Schimke immunoosseous dysplasia
Schindler disease
Schinzel syndrome
Schinzel-Giedion midface retraction syndrome
Schistosomiasis
Schizencephaly
Schneckenbecken dysplasia
Schnyder corneal dystrophy (SCD)
Schnyder crystalline corneal dystrophy (SCCD)
Schnyder crystalline dystrophy sine crystals
Schopf-Schulz-Passarge syndrome
Schulman-Upshaw syndrome
Schwartz-Jampel syndrome
Sclerosing bone dysplasias
Sclerosteosis 
Scott syndrome
Scrub typhus
Sea-blue histiocyte disease
Sebastian syndrome
Seborrhea-like dermatitis with psoriasiform element
Seckel syndrome
SED congenita
SED, Wolcott-Rallison type
Seizures-sensorineural deafness-ataxia-mental retardation-electrolyte imbalance (SESAME) 
Selective pituitary thyroid hormone resistance
SEMD, Matrilin type
SEMD, Omani type
SEMD, Pakistani type
Senior-Loken syndrome
Sennetsu ehrlichiosis
Sennetsu neorickettsiosis
Septo-optic dysplasia
Serratia infection
SeSAME/EAST syndrome
Severe achondroplasia with developmental delay and acanthosis nigricans (SADDAN)
Severe acute respiratory syndrome
Severe combined immunodeficiency with microcephaly, growth retardation, and sensitivity to ionizing radiation
Shewanella infection
Shigellosis
Shingles
Short QT syndrome
Short rib-polydactyly syndrome
Short Stature and Pituitary Defects (SSPD)
Short-branched-chain AD deficiency (SBCADD) 
Short-chain AD deficiency (SCADD) 
SHOX-related haploinsufficiency disorders
Shprintzen-Goldberg syndrome
Shwachman syndrome
Shwachman-Bodian-Diamond syndrome (SBDS)
Shwachman-Diamond syndrome (SDS)
Sialidosis
Sialuria, Finnish type / Salla disease (SD)
Sialuria, French type
Sialuria/ Sialic acid storage disease
Sick sinus syndrome (SSS)
Sickle cell anemia (SCA)
Siderius type (MRXSSD) 
Sideroblastic anemia
Silver-Russell syndrome
Simkania negevensis infection
Simpson-Golabi-Behmel syndrome (SGBS)
Simpson-Golabi-Behmel syndrome, type 1
Sinus node dysfunction
Sitosterolemia
Situs ambiguus
Sjogren-Larsson syndrome
Skelatal dysplasia
Skeletal defects, genital hypoplasia, and mental retardation
Skeletal dysplasia
Skeletala dysplasia
Skin and comnective tissue disease
Skin and connective tissue disease
Skin and connective tissue disease: Mouth and dental disorders
Skin and connective tissue diseases
Skin fragility-woolly hair syndrome
Sleep disorder
Sleep disorders
Sleeping sickness
Sly syndrome
SMA proximal adult autosomal dominant (SMAPAD)
SMA type I (SMA1) / Werdning-Hoffman disease
SMA type II (SMA2)
SMA type III (SMA3) / Kugeleberg-Welander disease
SMA type IV (SMA4)
Small cell lung cancer
Small patella syndrome (SPS)
Smallpox
SMED Strudwick type
Smith-Lemli-Opitz syndrome
Snowflake vitreoretinal degeneration (SVD)
Snyder-Robinson syndrome
Solitary median maxillary central incisor syndrome
Sorsby fundus dystrophy
SOST related disorders
Sotos syndrome and Weaver syndrome
South American (new world arenaviral) hemorrhagic fevers
Sparganosis
Speech-language disorder 1 (SPCH1)
Spermatogenic failure
Spheroid body myopathy (SBM)
Sphingomonas paucimobilis infection
Spina bifida
Spinal and bulbar muscular atrophy (SBMA)
Spinal muscular atrophy (SMA)
Spinocerebellar ataxia (SCA)
Split-hand/foot malformation (SHFM)
Spondylo-megaepiphyseal-metaphyseal dysplasia
Spondylocarpotarsal synostosis syndrome
Spondylocostal dysostosis (SCD)
Spondyloepimetaphyseal dysplasia
Spondyloepimetaphyseal dysplasia, aggrecan type
Spondyloepiphyseal dysplasia tarda
Spondyloepiphyseal dysplasia tarda with progressive arthropathy (SEDT-PA)
Spondyloepiphyseal dysplasia with congenital joint dislocations
Spondyloepiphyseal dysplasia, Kimberley type
Spondyloepiphyseal dysplasia, Maroteaux type 
Spondylometaepiphyseal dysplasia, short limb-abnormal calcification type
Spondylometaepiphyseal dysplasia, short limb-hand type
Spondylometaphyseal dysplasia, Kozlowski type (SMDK)
Spondyloperipheral dysplasia
Sporadic venous malformation
Spotted fever
Squamous cell carcinoma
Stapes ankylosis with broad thumb and toes
Staphylococcus lugdunensis infection
Staphylococcus pseudintermedius infection
STAR syndrome
Stargardt disease (STGD)
STAT-1 deficiency
Steatocystoma multiplex
Steele-Richardson-Olszewski syndrome
Stenotrophomonas maltophilia infection
Sterol carrier protein X (SCPx) deficiency
Stickler syndrome 1
Stickler syndrome type 2
Stickler syndrome type 3
Stickler syndrome type I (STL1)
Stickler syndrome type II (STL2)
Stiff skin syndrome (SSS)
Streptococcal infection
Striate palmoplantar keratoderma
Strongyloidiasis
Stuve-Wiedemann syndrome
STX11 deficiency
Subepithelial amyloidosis
Succinate dehydrogenase (SDH) deficiency
Succinic semialdehyde dehydrogenase (SSADH) deficiency
Succinyl CoA:3-oxoacid CoA transferase (SCOT) deficiency
Sulfite oxidase deficiency
Sveinsson chorioretinal atrophy (SCRA)
Swine erysipelas
Syndactyly
Syndromic multisystem autoimmune disease
Syndromic X-linked mental retardation
Syndromic X-linked mental retardation with epilepsy or seizures
Synovial sarcoma
Synpolydactyly
Synpolydactyly, 3/3'4, associated with metacarpal and metatarsal synostoses
Syphilis
Systemic lupus erythematosus
Systemic primary carnitine deficiency
T-B-Severe combined immunodeficiencies (SCIDs)
T-B+Severe combined immunodeficiencies (SCIDs)
T-cell immunodeficiency congenital alopecia and nail dystrophy (TIDAND)
T+B+Severe combined immunodeficiencies (SCIDs)
TACI defect
Taenia saginata infection
Takahara's disease
Tangier disease
Tapetochoroidal dystrophy
TARP syndrome
Tarsal-carpal coalition syndrome
Tarui disease (GSD type VII)
Tay-Sachs disease (type I)
Tay-Sachs disease AB variant
Taybi-Linder syndrome
Tenascin-X deficiency (TNXD)
Testicular cancer
Testicular DSD
Testis regression
Tetanus
Tetra-amelia
Tetralogy of Fallot
Thalassemia
Thanatophoric dysplasia, type 1
Thanatophoric dysplasia, type 2
The DTDST-related disorders
Thiamine-responsive megaloblastic anemia (TRMA)
Thiel-Behnke dystrophies (TBCD)
Thin basement membrane nephropathy
Thiopurine S-methyltransferase deficiency (TPMT deficiency)
Thrombocytopenia (THC)
Thrombotic thrombocytopenic purpura
Thyroid cancer
Thyroid dyshormonogenesis
Thyroid hormone resistance syndrome
Thyrotoxic hypokalemic periodic paralysis (TPP)
Tibial muscular dystrophy (TMD)
Tick-borne rickettsioses
Tick-borne viral encephalitis
Tietz syndrome
Tn syndrome
Tooth agenesis
Tooth and nail syndrome
Torg-Winchester syndrome
Tourette syndrome
Townes-Brocks syndrome
Toxocariasis
Toxoplasmosis
Trachoma
Transaldolase (TALDO) deficiency
Transcobalamin II deficiency
Transient bullous dermolysis of the newborn
Transient neonatal diabetes mellitus (TNDM)
Transposition of great arteries
Treacher Collins syndrome
Trench fever
Trichinellosis
Trichinosis
Trichodentoosseous dysplasia
Trichomoniasis
Trichorhinophalangeal dysplasia
Trichothiodystrophy (TTD)
Trichothiodystrophy non-photosensitive type 1 (TTDN1)
Trichotillomania
Trichuriasis
Trifunctional protein deficiency (TFP)
Trigonocephaly
Trimethylaminuria (TMAU)
Triose-phosphate isomerase (TPI) deficiency
Triphalangeal thumb
Triphalangeal thumb-polysyndactyly syndrome
Trismus-pseudocamptodactyly syndrome
Tropical calcific pancreatitis
TRPV4-related peripheral neuropathies
TRPV4-related skeletal dysplasias
Tsukamurella infections
Tuberculosis
Tuberous sclerosis complex (TSC)
Tularemia
Tumor necrosis factor receptor-associated periodic syndrome (TRAPS)
Tungiasis
Turcot syndrome
Turner type (MRXST)
type A
Type A insulin resistance
type B
type D
type E
Type I diabetes mellitus
Type I sialidosis
Type II collagenopathies
Type II diabetes mellitus
Type III Gaucher disease (GD)
Type XI collagenopathies
Type10 (MRXS10)
Type14 (MRXS14)
Typhoid fever
Typhus fever
Tyrosinemia
Tyrosinemia, type I
Tyrosinemia, type II
Tyrosinemia, type III
Ubiquitin-positive frontotemporal dementia (UP-FTD)
Ullrich CMD (UCMD)
Ulna and fibula, absence of, with sever limb deficiency
Ulnar-mammary syndrome
Unilateral Polymicrogyria (ULP)
Unverricht-Lundborg disease (ULD)
Uracil nucleotide glycoside glycosylase (UNG) defect
Urbach-Wiethe disease
Urban-Rifkin-Davis syndrome
Uridine 5-prime monophosphate hydrolase (UMPH1) deficiency
Urinary system disease
Urinary system diseases
Urocanase deficiency
Urocanic aciduria
Urofacial syndrome
Urologic disease
Uromodulin-associated kidney diseases
Uropathogenic Escherichia coli (UPEC) infection
Usher syndrome (US)
UV-sensitive syndrome (UVS)
VACTERL/VATER association
Valley fever
Van Bogaert-Scherer-Epstein Disease
Van Buchem disease, type 2
Van der Woude syndrome (VWS)
Vancomycin-resistant enterococci infection
Vancomycin-resistant Staphylococcal aureus (VRSA) infection
Vanishing white matter disease
Varicella
Variegate porphyria (VP)
Variola
Vascular disease
Vascular diseases
Vascular disorder
Velocardiofacial syndrome
Venezuelan equine fever
Venezuelan hemorrhagic fever
Venous malformations
Very long-chain AD deficiency  (VLCADD) 
Vesicoureteral reflux
VHepatoerythropoietic porphyria
Vibrio furnissii infection
Vibrio parahaemolyticus infection
Vibrio vulnificus infection
Viral myocarditis
Viral wart
Visceral larva migrans
Vitamin B12 deficiency anaemia
Vitamin D-dependent rickets
Vitelliform macular dystrophy
Vitreoretinal degeneration
Vohwinkel syndrome
Vohwinkel syndrome (VS)
Vohwinkel syndrome with ichthyosis
von Gierke disease (GSD type Ia)
von Hippel-Lindau syndrome
von Willebrand disease (VWD)
von Willebrand disease, platelet-type
Vulvar cancer
Waardenburg syndrome (WS)
Waardenburg syndrome, type II (WS2-OA)
Waardenburg-Jonker corneal dystrophy
Wagner syndrome 1 (WGN1)
Walker-Warburg syndrome (WWS)
Warburg micro syndrome
Warfarin resistance
Warsaw breakage syndrome
Watson syndrome
Weill-Marchesani syndrome
Weill-Marchesani-like syndrome
Weissenbacher-Zweymuller syndrome
Welander distal myopathy (WDM)
Werner's syndrome
West Nile fever
West syndrome (WS)
Western equine encephalitis
Weyers acrodental dysostosis
WHIM syndrome
Whipple's disease
White sponge nevus
Whooping cough
Wilson disease
Winged Helix Nude (WHN) deficiency
Wiskott-Aldrich syndrome
Witkop syndrome
Witschel dystrophy
Wolcott-Rallison syndrome
Wolff-Parkinson-White (WPW) syndrome
Wolfram syndrome (WFS)
Wolman disease
Woodhouse-Sakati syndrome
Woolly hair
Wrinkly skin syndrome
X-linked Addison disease (AHX)
X-linked agammaglobulinemia (Bruton's agammaglobulinemia, XLA)
X-linked atrophic macular degeneration (MDXLA)
X-linked CGD (gp91 phox CGD)
X-linked chondrodysplasia punctata
X-linked chronic idiopathic intestinal pseudo-obstruction
X-linked complicated spastic paraplegia type I 
X-linked creatine deficiency syndrome (XL-CDS)
X-linked dilated cardiomyopathy (XLCM)
X-linked distal SMA 3  (DSMAX)
X-linked dominant chondrodysplasia punctata (CDPX2)
X-Linked dominant hypophosphatemia (XLH)
X-linked dyskeratosis congenita (DKCX)
X-linked erythropoietic protoporphyria (XLEPP)
X-linked hydrocephalus
X-linked hyper IgM syndrome
X-linked ichthyosis (XLI)
X-linked lymphoproliferative syndrome
X-linked mental retardation with Marfanoid habitus
X-linked myopathy with postural muscle atrophy (XMPMA)
X-linked neutropenia/myelodysplasia
X-linked partial agenesis of corpus callosum
X-linked recessive chondrodysplasia punctata (CDPX1)
X-linked recessive cutis laxa (XRCL)
X-Linked recessive hypophosphatemia (XLRH)
X-linked recessive nephrolithiasis 
X-linked SCID
X-linked sideroblastic anemia (XLSA)
X-linked sideroblastic anemia with ataxia (ASAT)
X-linked SMA 2 (SMAX2)
X-linked vacuolar cardiomyopathy and myopathy
X-linked, moderate
Xanthinuria
XELBD
Xeroderma pigmentosum (XP)
XFE progeroid syndrome
XMR OPHN1-related (MRXSO) 
XMR, Christianson type (MRXSC)
XMR, JARID1C related (MRXSJ)
XMRE
Yaws
Yellow fever
Yersiniosis
Zap-70 deficiency
Zaspopathy (MFM4)
Zellweger syndrome (ZS)
Zellweger syndrome spectrum
