ALIFRITZ
ALIGN
aLRT
AMBIORE
analysis
ANC-GENE
Ancestor
ANCML
APE
apTreeshape
ARB
ArboDraw
Archaeopteryx
Arlequin
AutoDecay
AxParafit
BAli-Phy
BAMBE
BayesPhylogenies
BayesTraits
BEAST
BEST
Bio::Phylo
Bio++
BioEdit
Bioinformatics_Toolbox
BIONJ
Bionumerics
BIRCH
bms_runner
Bn-Bs
BootPHYML
Bosque
BPAnalysis
BRANCHLENGTH
Brownie
burntrees
Cactus-Pie
Cadence
CAFCA
CAIC
CBCAnalyzer
cBrother
Clann
ClustalW
CodeAxe
CodonBootstrap
CodonRates
CoMET
COMPARE
COMPONENT
COMPROB
Concaterpillar
CONSEL
CONSERVE
CoRe-PA
CRANN
Crux
CTree
DAMBE
DART
Darwin
DAWG
DendroMaker
DENDRON
DendroPy
Dendroscope
DERANGE2
DigTree
DIPLOMO
DISPAN
DISTANCE
DISTREE
DIVA
DIVAGE
DIVERGE
DNA Stacks
dnarates
DNASIS
DnaSP
Dnatree
DPRML
DT-ModSel
DTdraw
DTscore
DualBrothers
EDIBLE
EEEP
ELW
EMBOSS
EREM
ETE
EvolSimulator
EvolveAGene3
FAMD
fastDNAml
fastDNAmlRev
FastME
FASTML
FastTree
FigTree
FootPrinter
Forest
FORESTER
Freqpars
FSTAT
Gambit
GAME
GAPars
GARLI
GCUA
GDA
GDE
GelCompar II
GeneDoc
Geneious
Genepop
GeneStudio Pro
Genetix
GeneTree
GenGIS
Genie
GenoDive
GEODIS
GEOMETRY
GeoPhyloBuilder
GHOSTS
gmaes
GRate
gtp
GZ-Gamma
Hennig86
HeuristicMRF2
HGT
HON-new
HY-PHY
HyperTree
IDC
IDEA
iGTP
IMa2
indel-Seq-Gen
IQPNNI
Jane
Jevtrace
jMODELTEST
Kakusan4
Lagrange
laser
LDDist
Leaphy
LEVEL2
Likewind
Lintre
LOBSTER
LVB
Mac5
MacClade
MacroCAIC
MacT
MacVector
MAFFT
MALIGN
MANTiS
MAPPS
Mavric
MBEToolbox
McRate
MEGA
MESA
Mesquite
MetaPIGA
METREE
Mgenome
Microsat
MINSPNET
MixtureTree
Modelfit
ModelGenerator
ModelTest
MOLPHY
MrAIC
MrBayes
MrBayes tree scanners
MrBayesPlugin
MrEnt
MrModeltest
MrMTgui
MSA
MULTICOMP
Multidivtime
MultiPhyl
Murka
MUSCLE
MUST 2000
MVSP
NEPAL
NetRecodon
Network
NHML
nhPhyML
NimbleTree
NINJA
NJplot
nneighbor
NONA
Notung
NSA
NTSYSpc
ODEN
OSA
OUCH
p4
PAL
Paloverde
PAML
ParaFit
PARAT
PARBOOT
Parsimov
partimatrix
PASSML
PAST
PATHd8
PAUP
PAUPRat
PaupUp
PC-ORD
pcca
PDAP
PEBBLE
Permute!
phangorn
PHASE
Phybase
PHYDIT
Phylap
Phyledit
PHYLIP
PHYLLAB
Phylo_win
PhyloBayes
PhyloCoCo
Phylocom
Phylodendron
Phylogen
Phylogenetic Independence
Phylogenetic Investigator
Phylogenetic Tree Drawing
PHYLOGR
PhyloNet
PhyloQuart
PhyloSort
PhyloWidget
PHYLTEST
Phyltools
PHYML
PhyML-Multi
PhyNav
PhyRe
PhySIC_IST
PHYSIG
Phyutility
PICA
PISE
PLATO
POPGENE
POPTREE2
Populations
Porn
POY
PPH
PRAP
PROCOV
ProfDist
program
ProSeq
ProtTest
PSeq-Gen
PSODA
PTP
puzzleboot
PyCogent
qclust
QDate
Quartet Suite
QuickTree
r8s
r8s-bootstrap
RA
RadCon
Rainbow
Random Cladistics
RAPDistance
rate-evolution
Rate4Site
RAxML
raxmlGUI
RDP3
REAP
Recodon
RecPars
REDCON
RESTSITE
RevDNArates
Rhino
RIND
Robinson and Foulds distance
ROSE
rRNA phylogeny
RRTree
RSTCALC
S-DIVA
scaleboot
SeaView
Segminator
SEMPHY
sendbs
Seq-Gen
SeqPup
SeqState
SGRunner
SIMMAP
SimpleClade
Simplot
Simprot
Singapore PHYLIP web interface
SLOUCH
SLR
sog
SPAGeDi
Spectronet
Spectrum
SplitsTree
SSA
START2
Statio
STC
SuiteMSA
SuperTree
Supertree scripts
Swaap
Swaap PH
SWORDS
SymmeTREE
SYN-TAX
T-Coffee
T-REX
Tarzan
TAXEQ3
TCS
TFPGA
TIGER
TIMER
TipDate
TNT
TOPALi
TopD/fMts
tracer
Tree Draw Deck
Tree Tracker
TREE-PUZZLE
TreeAlign
TREECON
TreeDis
TreeDyn
TreeEdit
TreeExplorer
Treefinder
TreeFit
TreeFitter
TreeGraph 2
TreeJuxtaposer
TreeMaker
TREEMAP
TreeMe
TreeRot
TreeSAAP
TreeScan
TreeSetViz
TreeSnatcher Plus
TreeStat
TreeThief
TreeTool
TreeToy
TreeView
Treevolve and PTreevolve
UGENE
unrooted
Vanilla
W2H
weighbor
Willson quartets programs
Winboot
WINCLADA
