Allergome
ArachnoServer
ArrayExpress
Bgee
BindingDB
BioCyc
BRENDA
CAZy
CGD
ChEMBL
ChiTaRS
CleanEx
COMPLUYEAST-2DPAGE
ConoServer
CTD
CYGD
dictyBase
DIP
DisProt
DMDM
DNASU
DOSAC-COBS-2DPAGE
DrugBank
EchoBASE
EcoGene
eggNOG
EMBL
Ensembl
EnsemblBacteria
EnsemblFungi
EnsemblMetazoa
EnsemblPlants
EnsemblProtists
euHCVdb
EuPathDB
EvolutionaryTrace
FlyBase
Gene3D
GeneCards
GeneFarm
GeneID
GeneTree
Genevestigator
GenoList
GenomeRNAi
GermOnline
GlycoSuiteDB
GO
Gramene
H-InvDB
HAMAP
HGNC
HOGENOM
HOVERGEN
HPA
InParanoid
IntAct
InterPro
IPI
KEGG
KO
LegioList
Leproma
MaizeGDB
MEROPS
MGI
MIM
MINT
mycoCLAP
NextBio
neXtProt
OGP
OMA
Orphanet
OrthoDB
PANTHER
Pathway_Interaction_DB
PATRIC
PaxDb
PDB
PDBsum
PeptideAtlas
PeroxiBase
Pfam
PharmGKB
PhosphoSite
PhosSite
PhylomeDB
PIR
PIRSF
PMAP-CutDB
PomBase
PptaseDB
PRIDE
PRINTS
ProDom
ProMEX
PROSITE
ProtClustDB
ProteinModelPortal
PseudoCAP
Reactome
REBASE
RefSeq
REPRODUCTION-2DPAGE
RGD
SABIO-RK
SGD
SignaLink
SMART
SMR
source
STRING
SUPFAM
SWISS-2DPAGE
TAIR
TCDB
TIGRFAMs
TubercuList
UCD-2DPAGE
UCSC
UniGene
UniPathway
VectorBase
World-2DPAGE
WormBase
Xenbase
ZFIN
